[    0.000000] microcode: microcode updated early to revision 0x21, date = 2019-02-13
[    0.000000] Linux version 5.16.0-rc2.le9ec (user@PC) (gcc (Debian 6.3.0-18+deb9u1) 6.3.0 20170516, GNU ld (GNU Binutils for Debian) 2.28) #6 SMP PREEMPT Sat Nov 27 21:10:41 +09 2021
[    0.000000] Command line: BOOT_IMAGE=/vmlinuz-5.16.0-rc2.le9ec root=UUID=4eb19ae9-15d4-4feb-a194-0f1fdf8c9a65 ro sysrq_always_enabled security=tomoyo zswap.enabled=0 zswap.compressor=lzo-rle zswap.max_pool_percent=40 zswap.zpool=z3fold panic=10 loglevel=4 ipv6.disable=1 systemd.unified_cgroup_hierarchy=1 swapaccount=1 psi=1 log-buf-len=1M print_fatal_signals=1
[    0.000000] x86/fpu: Supporting XSAVE feature 0x001: 'x87 floating point registers'
[    0.000000] x86/fpu: Supporting XSAVE feature 0x002: 'SSE registers'
[    0.000000] x86/fpu: Supporting XSAVE feature 0x004: 'AVX registers'
[    0.000000] x86/fpu: xstate_offset[2]:  576, xstate_sizes[2]:  256
[    0.000000] x86/fpu: Enabled xstate features 0x7, context size is 832 bytes, using 'standard' format.
[    0.000000] signal: max sigframe size: 1776
[    0.000000] BIOS-provided physical RAM map:
[    0.000000] BIOS-e820: [mem 0x0000000000000000-0x000000000009d7ff] usable
[    0.000000] BIOS-e820: [mem 0x000000000009d800-0x000000000009ffff] reserved
[    0.000000] BIOS-e820: [mem 0x00000000000e0000-0x00000000000fffff] reserved
[    0.000000] BIOS-e820: [mem 0x0000000000100000-0x000000001fffffff] usable
[    0.000000] BIOS-e820: [mem 0x0000000020000000-0x00000000201fffff] reserved
[    0.000000] BIOS-e820: [mem 0x0000000020200000-0x0000000040003fff] usable
[    0.000000] BIOS-e820: [mem 0x0000000040004000-0x0000000040004fff] reserved
[    0.000000] BIOS-e820: [mem 0x0000000040005000-0x00000000910affff] usable
[    0.000000] BIOS-e820: [mem 0x00000000910b0000-0x00000000924affff] reserved
[    0.000000] BIOS-e820: [mem 0x00000000924b0000-0x0000000096abefff] usable
[    0.000000] BIOS-e820: [mem 0x0000000096abf000-0x0000000096ebefff] reserved
[    0.000000] BIOS-e820: [mem 0x0000000096ebf000-0x0000000096fbefff] ACPI NVS
[    0.000000] BIOS-e820: [mem 0x0000000096fbf000-0x0000000096ffefff] ACPI data
[    0.000000] BIOS-e820: [mem 0x0000000096fff000-0x0000000096ffffff] usable
[    0.000000] BIOS-e820: [mem 0x0000000097000000-0x000000009f9fffff] reserved
[    0.000000] BIOS-e820: [mem 0x00000000f0000000-0x00000000f3ffffff] reserved
[    0.000000] BIOS-e820: [mem 0x00000000feb00000-0x00000000feb03fff] reserved
[    0.000000] BIOS-e820: [mem 0x00000000fec00000-0x00000000fec00fff] reserved
[    0.000000] BIOS-e820: [mem 0x00000000fed10000-0x00000000fed19fff] reserved
[    0.000000] BIOS-e820: [mem 0x00000000fed1c000-0x00000000fed1ffff] reserved
[    0.000000] BIOS-e820: [mem 0x00000000fee00000-0x00000000fee00fff] reserved
[    0.000000] BIOS-e820: [mem 0x00000000ffc00000-0x00000000ffffffff] reserved
[    0.000000] BIOS-e820: [mem 0x0000000100000000-0x000000035f5fffff] usable
[    0.000000] NX (Execute Disable) protection: active
[    0.000000] SMBIOS 2.7 present.
[    0.000000] DMI: Acer VAG70_HC/VAG70, BIOS V2.16 01/14/2013
[    0.000000] tsc: Fast TSC calibration using PIT
[    0.000000] tsc: Detected 2394.627 MHz processor
[    0.000824] e820: update [mem 0x00000000-0x00000fff] usable ==> reserved
[    0.000828] e820: remove [mem 0x000a0000-0x000fffff] usable
[    0.000837] last_pfn = 0x35f600 max_arch_pfn = 0x400000000
[    0.000935] x86/PAT: Configuration [0-7]: WB  WC  UC- UC  WB  WP  UC- WT  
[    0.001618] last_pfn = 0x97000 max_arch_pfn = 0x400000000
[    0.011673] found SMP MP-table at [mem 0x000fe200-0x000fe20f]
[    0.013485] printk: log_buf_len: 1048576 bytes
[    0.013487] printk: early log buf free: 127728(97%)
[    0.013489] RAMDISK: [mem 0x0b2a4000-0x1fffefff]
[    0.013494] ACPI: Early table checksum verification disabled
[    0.013497] ACPI: RSDP 0x00000000000FE020 000024 (v02 ACRSYS)
[    0.013503] ACPI: XSDT 0x0000000096FFE210 0000A4 (v01 ACRSYS ACRPRDCT 00000001      01000013)
[    0.013509] ACPI: FACP 0x0000000096FFA000 00010C (v05 ACRSYS ACRPRDCT 00000001 1025 00040000)
[    0.013516] ACPI: DSDT 0x0000000096FE5000 011EE4 (v01 ACRSYS ACRPRDCT 00000000 1025 00040000)
[    0.013520] ACPI: FACS 0x0000000096FAF000 000040
[    0.013523] ACPI: ECDT 0x0000000096FFD000 0000C1 (v01 ACRSYS ACRPRDCT 00000001 1025 00040000)
[    0.013527] ACPI: UEFI 0x0000000096FFC000 000236 (v01 ACRSYS ACRPRDCT 00000001 1025 00040000)
[    0.013531] ACPI: ASF! 0x0000000096FFB000 0000A5 (v32 ACRSYS ACRPRDCT 00000001 1025 00040000)
[    0.013535] ACPI: HPET 0x0000000096FF9000 000038 (v01 ACRSYS ACRPRDCT 00000001 1025 00040000)
[    0.013538] ACPI: APIC 0x0000000096FF8000 00008C (v03 ACRSYS ACRPRDCT 00000001 1025 00040000)
[    0.013542] ACPI: MCFG 0x0000000096FF7000 00003C (v01 ACRSYS ACRPRDCT 00000001 1025 00040000)
[    0.013546] ACPI: SLIC 0x0000000096FE4000 000176 (v01 ACRSYS ACRPRDCT 00000001 1025 00040000)
[    0.013550] ACPI: SSDT 0x0000000096FE3000 0008BB (v01 ACRSYS ACRPRDCT 00001000 1025 00040000)
[    0.013553] ACPI: BOOT 0x0000000096FE1000 000028 (v01 ACRSYS ACRPRDCT 00000001 1025 00040000)
[    0.013557] ACPI: ASPT 0x0000000096FDD000 000034 (v07 ACRSYS ACRPRDCT 00000001 1025 00040000)
[    0.013561] ACPI: FPDT 0x0000000096FDB000 000044 (v01 ACRSYS ACRPRDCT 00000001 1025 00040000)
[    0.013565] ACPI: MSDM 0x0000000096FDA000 000055 (v03 ACRSYS ACRPRDCT 00000001 1025 00040000)
[    0.013568] ACPI: SSDT 0x0000000096FD9000 000925 (v01 ACRSYS ACRPRDCT 00003000 1025 00040000)
[    0.013572] ACPI: SSDT 0x0000000096FD8000 000A88 (v01 ACRSYS ACRPRDCT 00003000 1025 00040000)
[    0.013576] ACPI: SSDT 0x0000000096FD4000 002A9A (v01 ACRSYS ACRPRDCT 00001000 1025 00040000)
[    0.013579] ACPI: Reserving FACP table memory at [mem 0x96ffa000-0x96ffa10b]
[    0.013581] ACPI: Reserving DSDT table memory at [mem 0x96fe5000-0x96ff6ee3]
[    0.013582] ACPI: Reserving FACS table memory at [mem 0x96faf000-0x96faf03f]
[    0.013583] ACPI: Reserving ECDT table memory at [mem 0x96ffd000-0x96ffd0c0]
[    0.013584] ACPI: Reserving UEFI table memory at [mem 0x96ffc000-0x96ffc235]
[    0.013586] ACPI: Reserving ASF! table memory at [mem 0x96ffb000-0x96ffb0a4]
[    0.013587] ACPI: Reserving HPET table memory at [mem 0x96ff9000-0x96ff9037]
[    0.013588] ACPI: Reserving APIC table memory at [mem 0x96ff8000-0x96ff808b]
[    0.013589] ACPI: Reserving MCFG table memory at [mem 0x96ff7000-0x96ff703b]
[    0.013590] ACPI: Reserving SLIC table memory at [mem 0x96fe4000-0x96fe4175]
[    0.013591] ACPI: Reserving SSDT table memory at [mem 0x96fe3000-0x96fe38ba]
[    0.013593] ACPI: Reserving BOOT table memory at [mem 0x96fe1000-0x96fe1027]
[    0.013594] ACPI: Reserving ASPT table memory at [mem 0x96fdd000-0x96fdd033]
[    0.013595] ACPI: Reserving FPDT table memory at [mem 0x96fdb000-0x96fdb043]
[    0.013596] ACPI: Reserving MSDM table memory at [mem 0x96fda000-0x96fda054]
[    0.013597] ACPI: Reserving SSDT table memory at [mem 0x96fd9000-0x96fd9924]
[    0.013598] ACPI: Reserving SSDT table memory at [mem 0x96fd8000-0x96fd8a87]
[    0.013600] ACPI: Reserving SSDT table memory at [mem 0x96fd4000-0x96fd6a99]
[    0.013691] No NUMA configuration found
[    0.013692] Faking a node at [mem 0x0000000000000000-0x000000035f5fffff]
[    0.013697] NODE_DATA(0) allocated [mem 0x35f173000-0x35f177fff]
[    0.013734] Zone ranges:
[    0.013735]   DMA      [mem 0x0000000000001000-0x0000000000ffffff]
[    0.013737]   DMA32    [mem 0x0000000001000000-0x00000000ffffffff]
[    0.013739]   Normal   [mem 0x0000000100000000-0x000000035f5fffff]
[    0.013741]   Device   empty
[    0.013742] Movable zone start for each node
[    0.013743] Early memory node ranges
[    0.013744]   node   0: [mem 0x0000000000001000-0x000000000009cfff]
[    0.013746]   node   0: [mem 0x0000000000100000-0x000000001fffffff]
[    0.013748]   node   0: [mem 0x0000000020200000-0x0000000040003fff]
[    0.013749]   node   0: [mem 0x0000000040005000-0x00000000910affff]
[    0.013750]   node   0: [mem 0x00000000924b0000-0x0000000096abefff]
[    0.013751]   node   0: [mem 0x0000000096fff000-0x0000000096ffffff]
[    0.013752]   node   0: [mem 0x0000000100000000-0x000000035f5fffff]
[    0.013755] Initmem setup node 0 [mem 0x0000000000001000-0x000000035f5fffff]
[    0.013760] On node 0, zone DMA: 1 pages in unavailable ranges
[    0.013788] On node 0, zone DMA: 99 pages in unavailable ranges
[    0.015876] On node 0, zone DMA32: 512 pages in unavailable ranges
[    0.018562] On node 0, zone DMA32: 1 pages in unavailable ranges
[    0.018767] On node 0, zone DMA32: 5120 pages in unavailable ranges
[    0.018784] On node 0, zone DMA32: 1344 pages in unavailable ranges
[    0.039139] On node 0, zone Normal: 4096 pages in unavailable ranges
[    0.039175] On node 0, zone Normal: 2560 pages in unavailable ranges
[    0.039197] Reserving Intel graphics memory at [mem 0x97a00000-0x9f9fffff]
[    0.039352] ACPI: PM-Timer IO Port: 0x408
[    0.039369] IOAPIC[0]: apic_id 0, version 32, address 0xfec00000, GSI 0-23
[    0.039372] ACPI: INT_SRC_OVR (bus 0 bus_irq 0 global_irq 2 dfl dfl)
[    0.039374] ACPI: INT_SRC_OVR (bus 0 bus_irq 9 global_irq 9 high level)
[    0.039380] ACPI: Using ACPI (MADT) for SMP configuration information
[    0.039382] ACPI: HPET id: 0x8086a201 base: 0xfed00000
[    0.039387] TSC deadline timer available
[    0.039388] smpboot: Allowing 8 CPUs, 0 hotplug CPUs
[    0.039415] PM: hibernation: Registered nosave memory: [mem 0x00000000-0x00000fff]
[    0.039418] PM: hibernation: Registered nosave memory: [mem 0x0009d000-0x0009dfff]
[    0.039420] PM: hibernation: Registered nosave memory: [mem 0x0009e000-0x0009ffff]
[    0.039421] PM: hibernation: Registered nosave memory: [mem 0x000a0000-0x000dffff]
[    0.039422] PM: hibernation: Registered nosave memory: [mem 0x000e0000-0x000fffff]
[    0.039424] PM: hibernation: Registered nosave memory: [mem 0x20000000-0x201fffff]
[    0.039426] PM: hibernation: Registered nosave memory: [mem 0x40004000-0x40004fff]
[    0.039428] PM: hibernation: Registered nosave memory: [mem 0x910b0000-0x924affff]
[    0.039431] PM: hibernation: Registered nosave memory: [mem 0x96abf000-0x96ebefff]
[    0.039432] PM: hibernation: Registered nosave memory: [mem 0x96ebf000-0x96fbefff]
[    0.039433] PM: hibernation: Registered nosave memory: [mem 0x96fbf000-0x96ffefff]
[    0.039435] PM: hibernation: Registered nosave memory: [mem 0x97000000-0x9f9fffff]
[    0.039436] PM: hibernation: Registered nosave memory: [mem 0x9fa00000-0xefffffff]
[    0.039437] PM: hibernation: Registered nosave memory: [mem 0xf0000000-0xf3ffffff]
[    0.039438] PM: hibernation: Registered nosave memory: [mem 0xf4000000-0xfeafffff]
[    0.039439] PM: hibernation: Registered nosave memory: [mem 0xfeb00000-0xfeb03fff]
[    0.039440] PM: hibernation: Registered nosave memory: [mem 0xfeb04000-0xfebfffff]
[    0.039441] PM: hibernation: Registered nosave memory: [mem 0xfec00000-0xfec00fff]
[    0.039442] PM: hibernation: Registered nosave memory: [mem 0xfec01000-0xfed0ffff]
[    0.039443] PM: hibernation: Registered nosave memory: [mem 0xfed10000-0xfed19fff]
[    0.039444] PM: hibernation: Registered nosave memory: [mem 0xfed1a000-0xfed1bfff]
[    0.039445] PM: hibernation: Registered nosave memory: [mem 0xfed1c000-0xfed1ffff]
[    0.039446] PM: hibernation: Registered nosave memory: [mem 0xfed20000-0xfedfffff]
[    0.039447] PM: hibernation: Registered nosave memory: [mem 0xfee00000-0xfee00fff]
[    0.039448] PM: hibernation: Registered nosave memory: [mem 0xfee01000-0xffbfffff]
[    0.039449] PM: hibernation: Registered nosave memory: [mem 0xffc00000-0xffffffff]
[    0.039452] [mem 0x9fa00000-0xefffffff] available for PCI devices
[    0.039453] Booting paravirtualized kernel on bare hardware
[    0.039455] clocksource: refined-jiffies: mask: 0xffffffff max_cycles: 0xffffffff, max_idle_ns: 7645519600211568 ns
[    0.044328] setup_percpu: NR_CPUS:512 nr_cpumask_bits:512 nr_cpu_ids:8 nr_node_ids:1
[    0.044554] percpu: Embedded 55 pages/cpu s187288 r8192 d29800 u262144
[    0.044562] pcpu-alloc: s187288 r8192 d29800 u262144 alloc=1*2097152
[    0.044566] pcpu-alloc: [0] 0 1 2 3 4 5 6 7 
[    0.044596] Fallback order for Node 0: 0 
[    0.044600] Built 1 zonelists, mobility grouping on.  Total pages: 3050644
[    0.044602] Policy zone: Normal
[    0.044603] Kernel command line: BOOT_IMAGE=/vmlinuz-5.16.0-rc2.le9ec root=UUID=4eb19ae9-15d4-4feb-a194-0f1fdf8c9a65 ro sysrq_always_enabled security=tomoyo zswap.enabled=0 zswap.compressor=lzo-rle zswap.max_pool_percent=40 zswap.zpool=z3fold panic=10 loglevel=4 ipv6.disable=1 systemd.unified_cgroup_hierarchy=1 swapaccount=1 psi=1 log-buf-len=1M print_fatal_signals=1
[    0.044657] sysrq: sysrq always enabled.
[    0.044793] Unknown kernel command line parameters "BOOT_IMAGE=/vmlinuz-5.16.0-rc2.le9ec", will be passed to user space.
[    0.045728] Dentry cache hash table entries: 2097152 (order: 12, 16777216 bytes, linear)
[    0.046192] Inode-cache hash table entries: 1048576 (order: 11, 8388608 bytes, linear)
[    0.046307] mem auto-init: stack:off, heap alloc:off, heap free:off
[    0.093690] Memory: 11736044K/12396908K available (12295K kernel code, 1799K rwdata, 3908K rodata, 1700K init, 1096K bss, 660604K reserved, 0K cma-reserved)
[    0.093708] random: get_random_u32 called from cache_grow_begin+0x17d/0x4b0 with crng_init=0
[    0.093810] Kernel/User page tables isolation: enabled
[    0.093829] ftrace: allocating 36935 entries in 145 pages
[    0.107843] ftrace: allocated 145 pages with 3 groups
[    0.107900] Dynamic Preempt: full
[    0.107939] rcu: Preemptible hierarchical RCU implementation.
[    0.107940] rcu: 	RCU restricting CPUs from NR_CPUS=512 to nr_cpu_ids=8.
[    0.107942] 	Trampoline variant of Tasks RCU enabled.
[    0.107943] 	Rude variant of Tasks RCU enabled.
[    0.107943] 	Tracing variant of Tasks RCU enabled.
[    0.107944] rcu: RCU calculated value of scheduler-enlistment delay is 25 jiffies.
[    0.107945] rcu: Adjusting geometry for rcu_fanout_leaf=16, nr_cpu_ids=8
[    0.112957] NR_IRQS: 33024, nr_irqs: 488, preallocated irqs: 16
[    0.115053] Console: colour VGA+ 80x25
[    0.115070] printk: console [tty0] enabled
[    0.115097] ACPI: Core revision 20210930
[    0.115267] clocksource: hpet: mask: 0xffffffff max_cycles: 0xffffffff, max_idle_ns: 133484882848 ns
[    0.115284] APIC: Switch to symmetric I/O mode setup
[    0.115355] x2apic: IRQ remapping doesn't support X2APIC mode
[    0.115796] ..TIMER: vector=0x30 apic1=0 pin1=2 apic2=-1 pin2=-1
[    0.135284] clocksource: tsc-early: mask: 0xffffffffffffffff max_cycles: 0x228463a3ddf, max_idle_ns: 440795217410 ns
[    0.135292] Calibrating delay loop (skipped), value calculated using timer frequency.. 4789.25 BogoMIPS (lpj=9578508)
[    0.135295] pid_max: default: 32768 minimum: 301
[    0.135341] LSM: Security Framework initializing
[    0.135347] Yama: becoming mindful.
[    0.135358] TOMOYO Linux initialized
[    0.135407] Mount-cache hash table entries: 32768 (order: 6, 262144 bytes, linear)
[    0.135443] Mountpoint-cache hash table entries: 32768 (order: 6, 262144 bytes, linear)
[    0.135720] CPU0: Thermal monitoring enabled (TM1)
[    0.135741] process: using mwait in idle threads
[    0.135744] Last level iTLB entries: 4KB 512, 2MB 8, 4MB 8
[    0.135746] Last level dTLB entries: 4KB 512, 2MB 32, 4MB 32, 1GB 0
[    0.135750] Spectre V1 : Mitigation: usercopy/swapgs barriers and __user pointer sanitization
[    0.135753] Spectre V2 : Mitigation: Full generic retpoline
[    0.135753] Spectre V2 : Spectre v2 / SpectreRSB mitigation: Filling RSB on context switch
[    0.135754] Spectre V2 : Enabling Restricted Speculation for firmware calls
[    0.135756] Spectre V2 : mitigation: Enabling conditional Indirect Branch Prediction Barrier
[    0.135758] Spectre V2 : User space: Mitigation: STIBP via prctl
[    0.135760] Speculative Store Bypass: Mitigation: Speculative Store Bypass disabled via prctl
[    0.135763] SRBDS: Vulnerable: No microcode
[    0.135764] MDS: Mitigation: Clear CPU buffers
[    0.138356] Freeing SMP alternatives memory: 32K
[    0.139361] smpboot: Estimated ratio of average max frequency by base frequency (times 1024): 1365
[    0.139370] smpboot: CPU0: Intel(R) Core(TM) i7-3630QM CPU @ 2.40GHz (family: 0x6, model: 0x3a, stepping: 0x9)
[    0.139555] Performance Events: PEBS fmt1+, IvyBridge events, 16-deep LBR, full-width counters, Intel PMU driver.
[    0.139573] ... version:                3
[    0.139574] ... bit width:              48
[    0.139575] ... generic registers:      4
[    0.139575] ... value mask:             0000ffffffffffff
[    0.139577] ... max period:             00007fffffffffff
[    0.139577] ... fixed-purpose events:   3
[    0.139578] ... event mask:             000000070000000f
[    0.139735] rcu: Hierarchical SRCU implementation.
[    0.140547] NMI watchdog: Enabled. Permanently consumes one hw-PMU counter.
[    0.140641] smp: Bringing up secondary CPUs ...
[    0.140772] x86: Booting SMP configuration:
[    0.140774] .... node  #0, CPUs:      #1
[    0.143398] MDS CPU bug present and SMT on, data leak possible. See https://www.kernel.org/doc/html/latest/admin-guide/hw-vuln/mds.html for more details.
[    0.143482]  #2 #3 #4 #5 #6 #7
[    0.157807] smp: Brought up 1 node, 8 CPUs
[    0.157807] smpboot: Max logical packages: 1
[    0.157807] smpboot: Total of 8 processors activated (38314.03 BogoMIPS)
[    0.159707] devtmpfs: initialized
[    0.159707] x86/mm: Memory block size: 128MB
[    0.160500] ACPI: PM: Registering ACPI NVS region [mem 0x96ebf000-0x96fbefff] (1048576 bytes)
[    0.160500] clocksource: jiffies: mask: 0xffffffff max_cycles: 0xffffffff, max_idle_ns: 7645041785100000 ns
[    0.160500] futex hash table entries: 2048 (order: 5, 131072 bytes, linear)
[    0.160500] pinctrl core: initialized pinctrl subsystem
[    0.160500] NET: Registered PF_NETLINK/PF_ROUTE protocol family
[    0.160500] audit: initializing netlink subsys (disabled)
[    0.160500] audit: type=2000 audit(1638047787.044:1): state=initialized audit_enabled=0 res=1
[    0.160500] thermal_sys: Registered thermal governor 'fair_share'
[    0.160500] thermal_sys: Registered thermal governor 'bang_bang'
[    0.160500] thermal_sys: Registered thermal governor 'step_wise'
[    0.160500] thermal_sys: Registered thermal governor 'user_space'
[    0.160500] cpuidle: using governor ladder
[    0.160500] cpuidle: using governor menu
[    0.160500] Simple Boot Flag at 0x44 set to 0x1
[    0.160500] ACPI FADT declares the system doesn't support PCIe ASPM, so disable it
[    0.160500] acpiphp: ACPI Hot Plug PCI Controller Driver version: 0.5
[    0.160500] PCI: MMCONFIG for domain 0000 [bus 00-3f] at [mem 0xf0000000-0xf3ffffff] (base 0xf0000000)
[    0.160500] PCI: MMCONFIG at [mem 0xf0000000-0xf3ffffff] reserved in E820
[    0.160500] PCI: Using configuration type 1 for base access
[    0.160500] core: PMU erratum BJ122, BV98, HSD29 worked around, HT is on
[    0.160500] ENERGY_PERF_BIAS: Set to 'normal', was 'performance'
[    0.163542] kprobes: kprobe jump-optimization is enabled. All kprobes are optimized if possible.
[    0.163552] HugeTLB registered 2.00 MiB page size, pre-allocated 0 pages
[    0.163552] ACPI: Added _OSI(Module Device)
[    0.163552] ACPI: Added _OSI(Processor Device)
[    0.163552] ACPI: Added _OSI(3.0 _SCP Extensions)
[    0.163552] ACPI: Added _OSI(Processor Aggregator Device)
[    0.163552] ACPI: Added _OSI(Linux-Dell-Video)
[    0.163552] ACPI: Added _OSI(Linux-Lenovo-NV-HDMI-Audio)
[    0.163552] ACPI: Added _OSI(Linux-HPI-Hybrid-Graphics)
[    0.172793] ACPI: 5 ACPI AML tables successfully acquired and loaded
[    0.173387] ACPI: EC: EC started
[    0.173389] ACPI: EC: interrupt blocked
[    0.174148] ACPI: EC: EC_CMD/EC_SC=0x66, EC_DATA=0x62
[    0.174149] ACPI: EC: Boot ECDT EC used to handle transactions
[    0.195363] ACPI: [Firmware Bug]: BIOS _OSI(Linux) query ignored
[    0.196196] ACPI: Dynamic OEM Table Load:
[    0.196205] ACPI: SSDT 0xFFFF9216C0F35000 00083B (v01 PmRef  Cpu0Cst  00003001 INTL 20120518)
[    0.197014] ACPI: Dynamic OEM Table Load:
[    0.197021] ACPI: SSDT 0xFFFF9216C0F97400 000303 (v01 PmRef  ApIst    00003000 INTL 20120518)
[    0.197687] ACPI: Dynamic OEM Table Load:
[    0.197692] ACPI: SSDT 0xFFFF9216C0F9FA00 000119 (v01 PmRef  ApCst    00003000 INTL 20120518)
[    0.199657] ACPI: Interpreter enabled
[    0.199684] ACPI: PM: (supports S0 S3 S4 S5)
[    0.199685] ACPI: Using IOAPIC for interrupt routing
[    0.199712] PCI: Using host bridge windows from ACPI; if necessary, use "pci=nocrs" and report a bug
[    0.199933] ACPI: Enabled 7 GPEs in block 00 to 3F
[    0.206085] ACPI: PCI Root Bridge [PCI0] (domain 0000 [bus 00-3e])
[    0.206093] acpi PNP0A08:00: _OSC: OS supports [ExtendedConfig ASPM ClockPM Segments MSI HPX-Type3]
[    0.206245] acpi PNP0A08:00: _OSC: OS requested [PCIeHotplug PME AER PCIeCapability LTR]
[    0.206247] acpi PNP0A08:00: _OSC: platform willing to grant [PCIeHotplug PME AER PCIeCapability LTR]
[    0.206249] acpi PNP0A08:00: _OSC: platform retains control of PCIe features (AE_ERROR)
[    0.206744] PCI host bridge to bus 0000:00
[    0.206746] pci_bus 0000:00: root bus resource [io  0x0000-0x0cf7 window]
[    0.206749] pci_bus 0000:00: root bus resource [io  0x0d00-0xffff window]
[    0.206751] pci_bus 0000:00: root bus resource [mem 0x000a0000-0x000bffff window]
[    0.206753] pci_bus 0000:00: root bus resource [mem 0x9fa00000-0xfeafffff window]
[    0.206755] pci_bus 0000:00: root bus resource [bus 00-3e]
[    0.206768] pci 0000:00:00.0: [8086:0154] type 00 class 0x060000
[    0.206841] pci 0000:00:01.0: [8086:0151] type 01 class 0x060400
[    0.206882] pci 0000:00:01.0: PME# supported from D0 D3hot D3cold
[    0.206966] pci 0000:00:02.0: [8086:0166] type 00 class 0x030000
[    0.206977] pci 0000:00:02.0: reg 0x10: [mem 0xd3000000-0xd33fffff 64bit]
[    0.206984] pci 0000:00:02.0: reg 0x18: [mem 0xc0000000-0xcfffffff 64bit pref]
[    0.206989] pci 0000:00:02.0: reg 0x20: [io  0x5000-0x503f]
[    0.207157] pci 0000:00:14.0: [8086:1e31] type 00 class 0x0c0330
[    0.207178] pci 0000:00:14.0: reg 0x10: [mem 0xd3600000-0xd360ffff 64bit]
[    0.207250] pci 0000:00:14.0: PME# supported from D3hot D3cold
[    0.207337] pci 0000:00:16.0: [8086:1e3a] type 00 class 0x078000
[    0.207359] pci 0000:00:16.0: reg 0x10: [mem 0xd3614000-0xd361400f 64bit]
[    0.207437] pci 0000:00:16.0: PME# supported from D0 D3hot D3cold
[    0.207507] pci 0000:00:1a.0: [8086:1e2d] type 00 class 0x0c0320
[    0.207525] pci 0000:00:1a.0: reg 0x10: [mem 0xd3619000-0xd36193ff]
[    0.207611] pci 0000:00:1a.0: PME# supported from D0 D3hot D3cold
[    0.207698] pci 0000:00:1b.0: [8086:1e20] type 00 class 0x040300
[    0.207717] pci 0000:00:1b.0: reg 0x10: [mem 0xd3610000-0xd3613fff 64bit]
[    0.207800] pci 0000:00:1b.0: PME# supported from D0 D3hot D3cold
[    0.207894] pci 0000:00:1c.0: [8086:1e10] type 01 class 0x060400
[    0.207994] pci 0000:00:1c.0: PME# supported from D0 D3hot D3cold
[    0.208095] pci 0000:00:1c.1: [8086:1e12] type 01 class 0x060400
[    0.208194] pci 0000:00:1c.1: PME# supported from D0 D3hot D3cold
[    0.208294] pci 0000:00:1c.5: [8086:1e1a] type 01 class 0x060400
[    0.208387] pci 0000:00:1c.5: PME# supported from D0 D3hot D3cold
[    0.208484] pci 0000:00:1d.0: [8086:1e26] type 00 class 0x0c0320
[    0.208501] pci 0000:00:1d.0: reg 0x10: [mem 0xd3618000-0xd36183ff]
[    0.208588] pci 0000:00:1d.0: PME# supported from D0 D3hot D3cold
[    0.208674] pci 0000:00:1f.0: [8086:1e57] type 00 class 0x060100
[    0.208852] pci 0000:00:1f.2: [8086:1e03] type 00 class 0x010601
[    0.208866] pci 0000:00:1f.2: reg 0x10: [io  0x5088-0x508f]
[    0.208875] pci 0000:00:1f.2: reg 0x14: [io  0x5094-0x5097]
[    0.208883] pci 0000:00:1f.2: reg 0x18: [io  0x5080-0x5087]
[    0.208891] pci 0000:00:1f.2: reg 0x1c: [io  0x5090-0x5093]
[    0.208899] pci 0000:00:1f.2: reg 0x20: [io  0x5060-0x507f]
[    0.208908] pci 0000:00:1f.2: reg 0x24: [mem 0xd3617000-0xd36177ff]
[    0.208951] pci 0000:00:1f.2: PME# supported from D3hot
[    0.209026] pci 0000:00:1f.3: [8086:1e22] type 00 class 0x0c0500
[    0.209045] pci 0000:00:1f.3: reg 0x10: [mem 0xd3615000-0xd36150ff 64bit]
[    0.209067] pci 0000:00:1f.3: reg 0x20: [io  0x5040-0x505f]
[    0.209191] pci 0000:01:00.0: [10de:0fd1] type 00 class 0x030000
[    0.209200] pci 0000:01:00.0: reg 0x10: [mem 0xd2000000-0xd2ffffff]
[    0.209207] pci 0000:01:00.0: reg 0x14: [mem 0xa0000000-0xafffffff 64bit pref]
[    0.209215] pci 0000:01:00.0: reg 0x1c: [mem 0xb0000000-0xb1ffffff 64bit pref]
[    0.209220] pci 0000:01:00.0: reg 0x24: [io  0x4000-0x407f]
[    0.209225] pci 0000:01:00.0: reg 0x30: [mem 0xfff80000-0xffffffff pref]
[    0.209238] pci 0000:01:00.0: Enabling HDA controller
[    0.209413] pci 0000:00:01.0: PCI bridge to [bus 01-06]
[    0.209416] pci 0000:00:01.0:   bridge window [io  0x4000-0x4fff]
[    0.209419] pci 0000:00:01.0:   bridge window [mem 0xd2000000-0xd2ffffff]
[    0.209422] pci 0000:00:01.0:   bridge window [mem 0xa0000000-0xbfffffff 64bit pref]
[    0.209578] pci 0000:07:00.0: [10ec:5209] type 00 class 0xff0000
[    0.209655] pci 0000:07:00.0: reg 0x10: [mem 0xd1000000-0xd1000fff]
[    0.210215] pci 0000:07:00.0: supports D1 D2
[    0.210217] pci 0000:07:00.0: PME# supported from D1 D2 D3hot
[    0.210552] pci 0000:00:1c.0: PCI bridge to [bus 07-0c]
[    0.210557] pci 0000:00:1c.0:   bridge window [io  0x3000-0x3fff]
[    0.210561] pci 0000:00:1c.0:   bridge window [mem 0xd1000000-0xd1ffffff]
[    0.210568] pci 0000:00:1c.0:   bridge window [mem 0xd0000000-0xd0ffffff 64bit pref]
[    0.210664] pci 0000:0d:00.0: [168c:0034] type 00 class 0x028000
[    0.210708] pci 0000:0d:00.0: reg 0x10: [mem 0xd3500000-0xd357ffff 64bit]
[    0.210794] pci 0000:0d:00.0: reg 0x30: [mem 0xffff0000-0xffffffff pref]
[    0.210934] pci 0000:0d:00.0: supports D1 D2
[    0.210936] pci 0000:0d:00.0: PME# supported from D0 D1 D2 D3hot D3cold
[    0.211114] pci 0000:00:1c.1: PCI bridge to [bus 0d]
[    0.211121] pci 0000:00:1c.1:   bridge window [mem 0xd3500000-0xd35fffff]
[    0.211288] pci 0000:0e:00.0: [1969:1083] type 00 class 0x020000
[    0.211417] pci 0000:0e:00.0: reg 0x10: [mem 0xd3400000-0xd343ffff 64bit]
[    0.211470] pci 0000:0e:00.0: reg 0x18: [io  0x2000-0x207f]
[    0.211717] pci 0000:0e:00.0: [Firmware Bug]: disabling VPD access (can't determine size of non-standard VPD format)
[    0.211970] pci 0000:0e:00.0: PME# supported from D0 D1 D2 D3hot D3cold
[    0.212267] pci 0000:00:1c.5: PCI bridge to [bus 0e]
[    0.212272] pci 0000:00:1c.5:   bridge window [io  0x2000-0x2fff]
[    0.212276] pci 0000:00:1c.5:   bridge window [mem 0xd3400000-0xd34fffff]
[    0.212922] ACPI: PCI: Interrupt link LNKA configured for IRQ 7
[    0.212975] ACPI: PCI: Interrupt link LNKB configured for IRQ 11
[    0.213024] ACPI: PCI: Interrupt link LNKC configured for IRQ 0
[    0.213025] ACPI: PCI: Interrupt link LNKC disabled
[    0.213074] ACPI: PCI: Interrupt link LNKD configured for IRQ 10
[    0.213122] ACPI: PCI: Interrupt link LNKE configured for IRQ 0
[    0.213124] ACPI: PCI: Interrupt link LNKE disabled
[    0.213172] ACPI: PCI: Interrupt link LNKF configured for IRQ 7
[    0.213220] ACPI: PCI: Interrupt link LNKG configured for IRQ 10
[    0.213268] ACPI: PCI: Interrupt link LNKH configured for IRQ 11
[    0.213462] ACPI: EC: interrupt unblocked
[    0.213464] ACPI: EC: event unblocked
[    0.213469] ACPI: EC: EC_CMD/EC_SC=0x66, EC_DATA=0x62
[    0.213471] ACPI: EC: GPE=0x1b
[    0.213472] ACPI: \_SB_.PCI0.LPCB.EC0_: Boot ECDT EC initialization complete
[    0.213474] ACPI: \_SB_.PCI0.LPCB.EC0_: EC: Used to handle transactions and events
[    0.213544] iommu: Default domain type: Translated 
[    0.213544] iommu: DMA domain TLB invalidation policy: lazy mode 
[    0.213544] pci 0000:00:02.0: vgaarb: setting as boot VGA device
[    0.213544] pci 0000:00:02.0: vgaarb: VGA device added: decodes=io+mem,owns=io+mem,locks=none
[    0.213544] pci 0000:01:00.0: vgaarb: VGA device added: decodes=io+mem,owns=none,locks=none
[    0.213544] pci 0000:00:02.0: vgaarb: no bridge control possible
[    0.213544] pci 0000:01:00.0: vgaarb: bridge control possible
[    0.213544] vgaarb: loaded
[    0.213544] EDAC MC: Ver: 3.0.0
[    0.213544] PCI: Using ACPI for IRQ routing
[    0.215634] PCI: pci_cache_line_size set to 64 bytes
[    0.215703] e820: reserve RAM buffer [mem 0x0009d800-0x0009ffff]
[    0.215705] e820: reserve RAM buffer [mem 0x40004000-0x43ffffff]
[    0.215707] e820: reserve RAM buffer [mem 0x910b0000-0x93ffffff]
[    0.215708] e820: reserve RAM buffer [mem 0x96abf000-0x97ffffff]
[    0.215710] e820: reserve RAM buffer [mem 0x97000000-0x97ffffff]
[    0.215711] e820: reserve RAM buffer [mem 0x35f600000-0x35fffffff]
[    0.216495] hpet0: at MMIO 0xfed00000, IRQs 2, 8, 0, 0, 0, 0, 0, 0
[    0.216506] hpet0: 8 comparators, 64-bit 14.318180 MHz counter
[    0.218557] clocksource: Switched to clocksource tsc-early
[    0.219578] VFS: Disk quotas dquot_6.6.0
[    0.219578] VFS: Dquot-cache hash table entries: 512 (order 0, 4096 bytes)
[    0.219578] pnp: PnP ACPI init
[    0.223339] system 00:00: [io  0x0680-0x069f] has been reserved
[    0.223343] system 00:00: [io  0x1000-0x100f] has been reserved
[    0.223345] system 00:00: [io  0xffff] has been reserved
[    0.223347] system 00:00: [io  0xffff] has been reserved
[    0.223349] system 00:00: [io  0x0400-0x0453] has been reserved
[    0.223351] system 00:00: [io  0x0458-0x047f] has been reserved
[    0.223352] system 00:00: [io  0x0500-0x057f] has been reserved
[    0.223355] system 00:00: [io  0x164e-0x164f] has been reserved
[    0.223441] system 00:02: [io  0x0454-0x0457] has been reserved
[    0.223632] system 00:05: [mem 0xfed1c000-0xfed1ffff] has been reserved
[    0.223636] system 00:05: [mem 0xfed10000-0xfed17fff] has been reserved
[    0.223638] system 00:05: [mem 0xfed18000-0xfed18fff] has been reserved
[    0.223640] system 00:05: [mem 0xfed19000-0xfed19fff] has been reserved
[    0.223643] system 00:05: [mem 0xf0000000-0xf3ffffff] has been reserved
[    0.223645] system 00:05: [mem 0xfed20000-0xfed3ffff] has been reserved
[    0.223647] system 00:05: [mem 0xfed90000-0xfed93fff] has been reserved
[    0.223649] system 00:05: [mem 0xff000000-0xff00ffff] has been reserved
[    0.223651] system 00:05: [mem 0xff010000-0xff7fffff] has been reserved
[    0.223653] system 00:05: [mem 0xfee00000-0xfeefffff] could not be reserved
[    0.223655] system 00:05: [mem 0x9fa00000-0x9fa00fff] has been reserved
[    0.223924] system 00:06: [mem 0x20000000-0x201fffff] has been reserved
[    0.223927] system 00:06: [mem 0x40004000-0x40004fff] has been reserved
[    0.223955] pnp: PnP ACPI: found 7 devices
[    0.230227] clocksource: acpi_pm: mask: 0xffffff max_cycles: 0xffffff, max_idle_ns: 2085701024 ns
[    0.230298] NET: Registered PF_INET protocol family
[    0.230465] IP idents hash table entries: 262144 (order: 9, 2097152 bytes, linear)
[    0.232762] tcp_listen_portaddr_hash hash table entries: 8192 (order: 5, 131072 bytes, linear)
[    0.232784] TCP established hash table entries: 131072 (order: 8, 1048576 bytes, linear)
[    0.232958] TCP bind hash table entries: 65536 (order: 8, 1048576 bytes, linear)
[    0.233086] TCP: Hash tables configured (established 131072 bind 65536)
[    0.233118] UDP hash table entries: 8192 (order: 6, 262144 bytes, linear)
[    0.233152] UDP-Lite hash table entries: 8192 (order: 6, 262144 bytes, linear)
[    0.233238] NET: Registered PF_UNIX/PF_LOCAL protocol family
[    0.233247] pci 0000:01:00.0: can't claim BAR 6 [mem 0xfff80000-0xffffffff pref]: no compatible bridge window
[    0.233251] pci 0000:0d:00.0: can't claim BAR 6 [mem 0xffff0000-0xffffffff pref]: no compatible bridge window
[    0.233263] pci 0000:01:00.0: BAR 6: assigned [mem 0xb2000000-0xb207ffff pref]
[    0.233266] pci 0000:00:01.0: PCI bridge to [bus 01-06]
[    0.233269] pci 0000:00:01.0:   bridge window [io  0x4000-0x4fff]
[    0.233272] pci 0000:00:01.0:   bridge window [mem 0xd2000000-0xd2ffffff]
[    0.233274] pci 0000:00:01.0:   bridge window [mem 0xa0000000-0xbfffffff 64bit pref]
[    0.233278] pci 0000:00:1c.0: PCI bridge to [bus 07-0c]
[    0.233281] pci 0000:00:1c.0:   bridge window [io  0x3000-0x3fff]
[    0.233286] pci 0000:00:1c.0:   bridge window [mem 0xd1000000-0xd1ffffff]
[    0.233290] pci 0000:00:1c.0:   bridge window [mem 0xd0000000-0xd0ffffff 64bit pref]
[    0.233297] pci 0000:0d:00.0: BAR 6: assigned [mem 0xd3580000-0xd358ffff pref]
[    0.233299] pci 0000:00:1c.1: PCI bridge to [bus 0d]
[    0.233304] pci 0000:00:1c.1:   bridge window [mem 0xd3500000-0xd35fffff]
[    0.233313] pci 0000:00:1c.5: PCI bridge to [bus 0e]
[    0.233316] pci 0000:00:1c.5:   bridge window [io  0x2000-0x2fff]
[    0.233321] pci 0000:00:1c.5:   bridge window [mem 0xd3400000-0xd34fffff]
[    0.233330] pci_bus 0000:00: resource 4 [io  0x0000-0x0cf7 window]
[    0.233332] pci_bus 0000:00: resource 5 [io  0x0d00-0xffff window]
[    0.233334] pci_bus 0000:00: resource 6 [mem 0x000a0000-0x000bffff window]
[    0.233335] pci_bus 0000:00: resource 7 [mem 0x9fa00000-0xfeafffff window]
[    0.233337] pci_bus 0000:01: resource 0 [io  0x4000-0x4fff]
[    0.233339] pci_bus 0000:01: resource 1 [mem 0xd2000000-0xd2ffffff]
[    0.233340] pci_bus 0000:01: resource 2 [mem 0xa0000000-0xbfffffff 64bit pref]
[    0.233342] pci_bus 0000:07: resource 0 [io  0x3000-0x3fff]
[    0.233344] pci_bus 0000:07: resource 1 [mem 0xd1000000-0xd1ffffff]
[    0.233345] pci_bus 0000:07: resource 2 [mem 0xd0000000-0xd0ffffff 64bit pref]
[    0.233347] pci_bus 0000:0d: resource 1 [mem 0xd3500000-0xd35fffff]
[    0.233349] pci_bus 0000:0e: resource 0 [io  0x2000-0x2fff]
[    0.233350] pci_bus 0000:0e: resource 1 [mem 0xd3400000-0xd34fffff]
[    0.233438] pci 0000:00:02.0: Video device with shadowed ROM at [mem 0x000c0000-0x000dffff]
[    0.251410] pci 0000:00:1a.0: quirk_usb_early_handoff+0x0/0x690 took 16145 usecs
[    0.271408] pci 0000:00:1d.0: quirk_usb_early_handoff+0x0/0x690 took 19505 usecs
[    0.271450] PCI: CLS 64 bytes, default 64
[    0.271457] PCI-DMA: Using software bounce buffering for IO (SWIOTLB)
[    0.271458] software IO TLB: mapped [mem 0x0000000092abf000-0x0000000096abf000] (64MB)
[    0.271501] Trying to unpack rootfs image as initramfs...
[    0.271961] Initialise system trusted keyrings
[    0.272010] workingset: timestamp_bits=40 max_order=22 bucket_order=0
[    0.283371] zbud: loaded
[    0.283490] Key type asymmetric registered
[    0.283492] Asymmetric key parser 'x509' registered
[    0.283514] Block layer SCSI generic (bsg) driver version 0.4 loaded (major 249)
[    0.283554] io scheduler mq-deadline registered
[    0.283556] io scheduler kyber registered
[    0.286139] Serial: 8250/16550 driver, 4 ports, IRQ sharing enabled
[    0.286618] Linux agpgart interface v0.103
[    0.286685] AMD-Vi: AMD IOMMUv2 driver by Joerg Roedel <jroedel@suse.de>
[    0.286687] AMD-Vi: AMD IOMMUv2 functionality not available on this system
[    0.287214] i8042: PNP: PS/2 Controller [PNP0303:PS2K,PNP0f13:PS2M] at 0x60,0x64 irq 1,12
[    0.291144] serio: i8042 KBD port at 0x60,0x64 irq 1
[    0.291179] serio: i8042 AUX port at 0x60,0x64 irq 12
[    0.291272] mousedev: PS/2 mouse device common for all mice
[    0.291323] rtc_cmos 00:01: RTC can wake from S4
[    0.291584] rtc_cmos 00:01: registered as rtc0
[    0.291618] rtc_cmos 00:01: setting system clock to 2021-11-27T21:16:27 UTC (1638047787)
[    0.291638] rtc_cmos 00:01: alarms up to one month, 242 bytes nvram, hpet irqs
[    0.291859] intel_pstate: Intel P-state driver initializing
[    0.292494] ledtrig-cpu: registered to indicate activity on CPUs
[    0.292977] IPv6: Loaded, but administratively disabled, reboot required to enable
[    0.292980] mip6: Mobile IPv6
[    0.292982] mip6: mip6_init: can't add xfrm type(destopt)
[    0.292985] NET: Registered PF_PACKET protocol family
[    0.292996] mpls_gso: MPLS GSO support
[    0.293901] microcode: sig=0x306a9, pf=0x10, revision=0x21
[    0.294012] microcode: Microcode Update Driver: v2.2.
[    0.294021] IPI shorthand broadcast: enabled
[    0.294039] sched_clock: Marking stable (291877989, 2124629)->(316204252, -22201634)
[    0.294359] registered taskstats version 1
[    0.294363] Loading compiled-in X.509 certificates
[    0.295573] input: AT Translated Set 2 keyboard as /devices/platform/i8042/serio0/input/input0
[    1.295320] tsc: Refined TSC clocksource calibration: 2394.560 MHz
[    1.295331] clocksource: tsc: mask: 0xffffffffffffffff max_cycles: 0x2284248580e, max_idle_ns: 440795288736 ns
[    1.295378] clocksource: Switched to clocksource tsc
[    4.069888] Freeing initrd memory: 341356K
[    4.073071] zswap: loaded using pool lzo-rle/z3fold
[    4.073905] ima: No TPM chip found, activating TPM-bypass!
[    4.074171] ima: Allocated hash algorithm: sha256
[    4.074430] ima: No architecture policies found
[    4.325339] Freeing unused kernel image (initmem) memory: 1700K
[    4.335334] Write protecting the kernel read-only data: 18432k
[    4.336329] Freeing unused kernel image (text/rodata gap) memory: 2040K
[    4.336557] Freeing unused kernel image (rodata/data gap) memory: 188K
[    4.424372] x86/mm: Checked W+X mappings: passed, no W+X pages found.
[    4.424374] x86/mm: Checking user space page tables
[    4.467897] x86/mm: Checked W+X mappings: passed, no W+X pages found.
[    4.467902] Run /init as init process
[    4.467904]   with arguments:
[    4.467905]     /init
[    4.467905]   with environment:
[    4.467906]     HOME=/
[    4.467907]     TERM=linux
[    4.467907]     BOOT_IMAGE=/vmlinuz-5.16.0-rc2.le9ec
[    4.535405] random: systemd-udevd: uninitialized urandom read (16 bytes read)
[    4.535479] random: systemd-udevd: uninitialized urandom read (16 bytes read)
[    4.535488] random: systemd-udevd: uninitialized urandom read (16 bytes read)
[    4.562412] wmi_bus wmi_bus-PNP0C14:01: WQ data block query control method not found
[    4.562418] wmi_bus wmi_bus-PNP0C14:01: WQ data block query control method not found
[    4.562421] wmi_bus wmi_bus-PNP0C14:01: WQ data block query control method not found
[    4.562424] wmi_bus wmi_bus-PNP0C14:01: WQ data block query control method not found
[    4.562608] acpi PNP0C14:02: duplicate WMI GUID 05901221-D566-11D1-B2F0-00A0C9062910 (first instance was on PNP0C14:00)
[    4.568147] thermal LNXTHERM:00: registered as thermal_zone0
[    4.568150] ACPI: thermal: Thermal Zone [THRM] (55 C)
[    4.573326] i801_smbus 0000:00:1f.3: SMBus using PCI interrupt
[    4.573682] i2c i2c-0: 3/4 memory slots populated (from DMI)
[    4.574034] i2c i2c-0: Successfully instantiated SPD at 0x50
[    4.574573] i2c i2c-0: Successfully instantiated SPD at 0x52
[    4.574899] i2c i2c-0: Successfully instantiated SPD at 0x53
[    4.577283] ACPI: bus type USB registered
[    4.577321] usbcore: registered new interface driver usbfs
[    4.577334] usbcore: registered new interface driver hub
[    4.577355] usbcore: registered new device driver usb
[    4.578577] SCSI subsystem initialized
[    4.579588] ehci_hcd: USB 2.0 'Enhanced' Host Controller (EHCI) Driver
[    4.579727] cryptd: max_cpu_qlen set to 1000
[    4.580245] ehci-pci: EHCI PCI platform driver
[    4.580481] ehci-pci 0000:00:1a.0: EHCI Host Controller
[    4.580499] ehci-pci 0000:00:1a.0: new USB bus registered, assigned bus number 1
[    4.580519] ehci-pci 0000:00:1a.0: debug port 2
[    4.584507] ehci-pci 0000:00:1a.0: irq 16, io mem 0xd3619000
[    4.585045] AVX version of gcm_enc/dec engaged.
[    4.585083] AES CTR mode by8 optimization enabled
[    4.585829] libata version 3.00 loaded.
[    4.587201] ahci 0000:00:1f.2: version 3.0
[    4.597499] ahci 0000:00:1f.2: AHCI 0001.0300 32 slots 6 ports 6 Gbps 0xd impl SATA mode
[    4.597504] ahci 0000:00:1f.2: flags: 64bit ncq pm led clo pio slum part ems apst 
[    4.599305] ehci-pci 0000:00:1a.0: USB 2.0 started, EHCI 1.00
[    4.599379] usb usb1: New USB device found, idVendor=1d6b, idProduct=0002, bcdDevice= 5.16
[    4.599382] usb usb1: New USB device strings: Mfr=3, Product=2, SerialNumber=1
[    4.599383] usb usb1: Product: EHCI Host Controller
[    4.599384] usb usb1: Manufacturer: Linux 5.16.0-rc2.le9ec ehci_hcd
[    4.599386] usb usb1: SerialNumber: 0000:00:1a.0
[    4.599511] hub 1-0:1.0: USB hub found
[    4.599526] hub 1-0:1.0: 2 ports detected
[    4.599759] xhci_hcd 0000:00:14.0: xHCI Host Controller
[    4.599767] xhci_hcd 0000:00:14.0: new USB bus registered, assigned bus number 2
[    4.600826] xhci_hcd 0000:00:14.0: hcc params 0x20007181 hci version 0x100 quirks 0x000000000000b930
[    4.600972] usb usb2: New USB device found, idVendor=1d6b, idProduct=0002, bcdDevice= 5.16
[    4.600975] usb usb2: New USB device strings: Mfr=3, Product=2, SerialNumber=1
[    4.600976] usb usb2: Product: xHCI Host Controller
[    4.600977] usb usb2: Manufacturer: Linux 5.16.0-rc2.le9ec xhci-hcd
[    4.600978] usb usb2: SerialNumber: 0000:00:14.0
[    4.601091] hub 2-0:1.0: USB hub found
[    4.601103] hub 2-0:1.0: 4 ports detected
[    4.601395] ehci-pci 0000:00:1d.0: EHCI Host Controller
[    4.601404] ehci-pci 0000:00:1d.0: new USB bus registered, assigned bus number 3
[    4.601413] xhci_hcd 0000:00:14.0: xHCI Host Controller
[    4.601416] xhci_hcd 0000:00:14.0: new USB bus registered, assigned bus number 4
[    4.601418] xhci_hcd 0000:00:14.0: Host supports USB 3.0 SuperSpeed
[    4.601419] ehci-pci 0000:00:1d.0: debug port 2
[    4.601455] usb usb4: New USB device found, idVendor=1d6b, idProduct=0003, bcdDevice= 5.16
[    4.601457] usb usb4: New USB device strings: Mfr=3, Product=2, SerialNumber=1
[    4.601458] usb usb4: Product: xHCI Host Controller
[    4.601459] usb usb4: Manufacturer: Linux 5.16.0-rc2.le9ec xhci-hcd
[    4.601460] usb usb4: SerialNumber: 0000:00:14.0
[    4.601554] hub 4-0:1.0: USB hub found
[    4.601565] hub 4-0:1.0: 4 ports detected
[    4.605327] ehci-pci 0000:00:1d.0: irq 23, io mem 0xd3618000
[    4.619345] ehci-pci 0000:00:1d.0: USB 2.0 started, EHCI 1.00
[    4.619887] usb usb3: New USB device found, idVendor=1d6b, idProduct=0002, bcdDevice= 5.16
[    4.619893] usb usb3: New USB device strings: Mfr=3, Product=2, SerialNumber=1
[    4.619896] usb usb3: Product: EHCI Host Controller
[    4.619898] usb usb3: Manufacturer: Linux 5.16.0-rc2.le9ec ehci_hcd
[    4.619900] usb usb3: SerialNumber: 0000:00:1d.0
[    4.620151] hub 3-0:1.0: USB hub found
[    4.620160] hub 3-0:1.0: 2 ports detected
[    4.620937] atl1c 0000:0e:00.0 enp14s0: renamed from eth0
[    4.623811] scsi host0: ahci
[    4.624241] scsi host1: ahci
[    4.624511] scsi host2: ahci
[    4.624670] scsi host3: ahci
[    4.624892] scsi host4: ahci
[    4.625012] scsi host5: ahci
[    4.625052] ata1: SATA max UDMA/133 abar m2048@0xd3617000 port 0xd3617100 irq 24
[    4.625054] ata2: DUMMY
[    4.625056] ata3: SATA max UDMA/133 abar m2048@0xd3617000 port 0xd3617200 irq 24
[    4.625059] ata4: SATA max UDMA/133 abar m2048@0xd3617000 port 0xd3617280 irq 24
[    4.625060] ata5: DUMMY
[    4.625060] ata6: DUMMY
[    4.647718] ACPI: battery: Slot [BAT0] (battery present)
[    4.855329] usb 2-4: new low-speed USB device number 2 using xhci_hcd
[    4.855334] usb 1-1: new high-speed USB device number 2 using ehci-pci
[    4.879333] usb 3-1: new high-speed USB device number 2 using ehci-pci
[    4.937948] ata3: SATA link up 1.5 Gbps (SStatus 113 SControl 300)
[    4.938010] ata4: SATA link up 3.0 Gbps (SStatus 123 SControl 300)
[    4.938041] ata1: SATA link up 6.0 Gbps (SStatus 133 SControl 300)
[    4.939323] ata1.00: ATA-8: WDC WD10JPLX-00MBPT1, JB0OA3U0, max UDMA/133
[    4.939767] ata1.00: 1953525168 sectors, multi 16: LBA48 NCQ (depth 32), AA
[    4.939925] ata4.00: ATA-8: ST9320325AS, 0003SDM1, max UDMA/133
[    4.939936] ata4.00: 625142448 sectors, multi 16: LBA48 NCQ (depth 32)
[    4.941470] ata1.00: configured for UDMA/133
[    4.941731] scsi 0:0:0:0: Direct-Access     ATA      WDC WD10JPLX-00M A3U0 PQ: 0 ANSI: 5
[    4.942729] ata4.00: configured for UDMA/133
[    4.953307] ata3.00: ATAPI: PIONEER DVD-RW DVRTD11RS, 1.01, max UDMA/100
[    4.971703] ata3.00: configured for UDMA/100
[    4.978382] scsi 2:0:0:0: CD-ROM            PIONEER  DVD-RW DVRTD11RS 1.01 PQ: 0 ANSI: 5
[    5.006709] scsi 3:0:0:0: Direct-Access     ATA      ST9320325AS      SDM1 PQ: 0 ANSI: 5
[    5.006925] usb 2-4: New USB device found, idVendor=046d, idProduct=c077, bcdDevice=72.00
[    5.006940] usb 2-4: New USB device strings: Mfr=1, Product=2, SerialNumber=0
[    5.006947] usb 2-4: Product: USB Optical Mouse
[    5.006954] usb 2-4: Manufacturer: Logitech
[    5.012318] sd 0:0:0:0: [sda] 1953525168 512-byte logical blocks: (1.00 TB/932 GiB)
[    5.012323] sd 0:0:0:0: [sda] 4096-byte physical blocks
[    5.012331] sd 0:0:0:0: [sda] Write Protect is off
[    5.012333] sd 0:0:0:0: [sda] Mode Sense: 00 3a 00 00
[    5.012340] sd 3:0:0:0: [sdb] 625142448 512-byte logical blocks: (320 GB/298 GiB)
[    5.012345] sd 0:0:0:0: [sda] Write cache: enabled, read cache: enabled, doesn't support DPO or FUA
[    5.012352] sd 3:0:0:0: [sdb] Write Protect is off
[    5.012354] sd 3:0:0:0: [sdb] Mode Sense: 00 3a 00 00
[    5.012367] sd 3:0:0:0: [sdb] Write cache: enabled, read cache: enabled, doesn't support DPO or FUA
[    5.012945] hid: raw HID events driver (C) Jiri Kosina
[    5.015230] usbcore: registered new interface driver usbhid
[    5.015232] usbhid: USB HID core driver
[    5.015679] usb 1-1: New USB device found, idVendor=8087, idProduct=0024, bcdDevice= 0.00
[    5.015685] usb 1-1: New USB device strings: Mfr=0, Product=0, SerialNumber=0
[    5.015868] input: Logitech USB Optical Mouse as /devices/pci0000:00/0000:00:14.0/usb2/2-4/2-4:1.0/0003:046D:C077.0001/input/input3
[    5.015950] hid-generic 0003:046D:C077.0001: input,hidraw0: USB HID v1.11 Mouse [Logitech USB Optical Mouse] on usb-0000:00:14.0-4/input0
[    5.015985] hub 1-1:1.0: USB hub found
[    5.016066] hub 1-1:1.0: 6 ports detected
[    5.027451]  sdb: sdb1 sdb2 sdb4
[    5.027962] sd 3:0:0:0: [sdb] Attached SCSI disk
[    5.032351]  sda: sda1 sda2 sda3 sda4
[    5.033073] sd 0:0:0:0: [sda] Attached SCSI disk
[    5.035784] usb 3-1: New USB device found, idVendor=8087, idProduct=0024, bcdDevice= 0.00
[    5.035788] usb 3-1: New USB device strings: Mfr=0, Product=0, SerialNumber=0
[    5.036222] hub 3-1:1.0: USB hub found
[    5.036410] hub 3-1:1.0: 8 ports detected
[    5.068496] sr 2:0:0:0: [sr0] scsi3-mmc drive: 24x/24x writer dvd-ram cd/rw xa/form2 cdda tray
[    5.068500] cdrom: Uniform CD-ROM driver Revision: 3.20
[    5.106890] sr 2:0:0:0: Attached scsi CD-ROM sr0
[    5.307331] usb 1-1.1: new high-speed USB device number 3 using ehci-pci
[    5.323318] usb 3-1.6: new full-speed USB device number 3 using ehci-pci
[    5.359837] random: fast init done
[    5.434260] usb 3-1.6: string descriptor 0 read error: -22
[    5.434272] usb 3-1.6: New USB device found, idVendor=04ca, idProduct=3006, bcdDevice= 0.02
[    5.434278] usb 3-1.6: New USB device strings: Mfr=1, Product=2, SerialNumber=3
[    5.469355] psmouse serio1: elantech: assuming hardware version 3 (with firmware version 0x450f01)
[    5.469442] usb 1-1.1: New USB device found, idVendor=04f2, idProduct=b374, bcdDevice=44.02
[    5.469453] usb 1-1.1: New USB device strings: Mfr=1, Product=2, SerialNumber=0
[    5.469459] usb 1-1.1: Product: HD WebCam
[    5.469464] usb 1-1.1: Manufacturer: SunplusIT INC.
[    5.484176] psmouse serio1: elantech: Synaptics capabilities query result 0x79, 0x15, 0x0c.
[    5.498325] psmouse serio1: elantech: Elan sample query result 01, 52, 85
[    5.573845] input: ETPS/2 Elantech Touchpad as /devices/platform/i8042/serio1/input/input2
[    5.582529] device-mapper: core: CONFIG_IMA_DISABLE_HTABLE is disabled. Duplicate IMA measurements will not be recorded in the IMA log.
[    5.582551] device-mapper: uevent: version 1.0.3
[    5.582654] device-mapper: ioctl: 4.45.0-ioctl (2021-03-22) initialised: dm-devel@redhat.com
[    5.586024] Key type encrypted registered
[    5.615344] usb 1-1.2: new low-speed USB device number 4 using ehci-pci
[    5.731774] usb 1-1.2: New USB device found, idVendor=09da, idProduct=2268, bcdDevice= 1.02
[    5.731785] usb 1-1.2: New USB device strings: Mfr=1, Product=2, SerialNumber=0
[    5.731789] usb 1-1.2: Product: USB Keyboard
[    5.731792] usb 1-1.2: Manufacturer: SONiX
[    5.737047] input: SONiX USB Keyboard as /devices/pci0000:00/0000:00:1a.0/usb1/1-1/1-1.2/1-1.2:1.0/0003:09DA:2268.0002/input/input4
[    5.795746] hid-generic 0003:09DA:2268.0002: input,hidraw1: USB HID v1.11 Keyboard [SONiX USB Keyboard] on usb-0000:00:1a.0-1.2/input0
[    5.799383] input: SONiX USB Keyboard Consumer Control as /devices/pci0000:00/0000:00:1a.0/usb1/1-1/1-1.2/1-1.2:1.1/0003:09DA:2268.0003/input/input5
[    5.859419] input: SONiX USB Keyboard System Control as /devices/pci0000:00/0000:00:1a.0/usb1/1-1/1-1.2/1-1.2:1.1/0003:09DA:2268.0003/input/input6
[    5.859615] hid-generic 0003:09DA:2268.0003: input,hidraw2: USB HID v1.11 Device [SONiX USB Keyboard] on usb-0000:00:1a.0-1.2/input1
[   10.394824] random: crng init done
[   10.394830] random: 7 urandom warning(s) missed due to ratelimiting
[   25.211154] NET: Registered PF_ALG protocol family
[   25.779296] raid6: sse2x4   gen() 14916 MB/s
[   25.847296] raid6: sse2x4   xor()  8918 MB/s
[   25.915296] raid6: sse2x2   gen() 15898 MB/s
[   25.983298] raid6: sse2x2   xor()  9592 MB/s
[   26.051365] raid6: sse2x1   gen() 12959 MB/s
[   26.119295] raid6: sse2x1   xor()  7934 MB/s
[   26.119296] raid6: using algorithm sse2x2 gen() 15898 MB/s
[   26.119297] raid6: .... xor() 9592 MB/s, rmw enabled
[   26.119298] raid6: using ssse3x2 recovery algorithm
[   26.119645] xor: automatically using best checksumming function   avx       
[   26.153879] Btrfs loaded, crc32c=crc32c-intel, zoned=no, fsverity=no
[   26.617926] process '/bin/fstype' started with executable stack
[   26.996086] EXT4-fs (dm-0): mounted filesystem with ordered data mode. Opts: (null). Quota mode: none.
[   27.397705] Calling /sbin/tomoyo-init to load policy. Please wait.
[   28.642098] TOMOYO: 2.6.0
[   28.642104] Converting profile version from 20110903 to 20150505.
[   28.642109] Mandatory Access Control activated.
[   30.229827] systemd[1]: RTC configured in localtime, applying delta of 540 minutes to system time.
[   30.980713] systemd[1]: systemd 232 running in system mode. (+PAM +AUDIT +SELINUX +IMA +APPARMOR +SMACK +SYSVINIT +UTMP +LIBCRYPTSETUP +GCRYPT +GNUTLS +ACL +XZ +LZ4 +SECCOMP +BLKID +ELFUTILS +KMOD +IDN)
[   30.999674] systemd[1]: Detected architecture x86-64.
[   31.074392] systemd[1]: Set hostname to <PC>.
[   33.878278] systemd[1]: lvm2-lvmetad.socket: Cannot add dependency job, ignoring: Unit lvm2-lvmetad.socket is masked.
[   33.878326] systemd[1]: lvm2-monitor.service: Cannot add dependency job, ignoring: Unit lvm2-monitor.service is masked.
[   33.878426] systemd[1]: lvm2-lvmpolld.socket: Cannot add dependency job, ignoring: Unit lvm2-lvmpolld.socket is masked.
[   33.878453] systemd[1]: apt-daily.timer: Cannot add dependency job, ignoring: Unit apt-daily.timer is masked.
[   33.878469] systemd[1]: virtlogd.socket: Cannot add dependency job, ignoring: Unit virtlogd.socket is masked.
[   33.878487] systemd[1]: virtlockd.socket: Cannot add dependency job, ignoring: Unit virtlockd.socket is masked.
[   33.878498] systemd[1]: dm-event.socket: Cannot add dependency job, ignoring: Unit dm-event.socket is masked.
[   34.514576] EXT4-fs (dm-0): re-mounted. Opts: errors=remount-ro. Quota mode: none.
[   34.722904] systemd-journald[384]: Received request to flush runtime journal from PID 1
[   41.207808] input: Power Button as /devices/LNXSYSTM:00/LNXSYBUS:00/PNP0A08:00/PNP0C0C:00/input/input7
[   41.207838] ACPI: button: Power Button [PWRB]
[   41.207874] input: Sleep Button as /devices/LNXSYSTM:00/LNXSYBUS:00/PNP0A08:00/PNP0C0E:00/input/input8
[   41.207892] ACPI: button: Sleep Button [SLPB]
[   41.207927] input: Lid Switch as /devices/LNXSYSTM:00/LNXSYBUS:00/PNP0C0D:00/input/input9
[   41.207944] ACPI: button: Lid Switch [LID]
[   41.207971] input: Power Button as /devices/LNXSYSTM:00/LNXPWRBN:00/input/input10
[   41.223338] ACPI: button: Power Button [PWRF]
[   41.316355] ACPI: AC: AC Adapter [AC0] (on-line)
[   41.584087] ACPI Warning: SystemIO range 0x0000000000000428-0x000000000000042F conflicts with OpRegion 0x0000000000000400-0x000000000000044F (\GPIS) (20210930/utaddress-213)
[   41.584098] ACPI Warning: SystemIO range 0x0000000000000428-0x000000000000042F conflicts with OpRegion 0x0000000000000400-0x000000000000047F (\PMIO) (20210930/utaddress-213)
[   41.584103] ACPI: OSL: Resource conflict; ACPI support missing from driver?
[   41.584108] ACPI Warning: SystemIO range 0x0000000000000540-0x000000000000054F conflicts with OpRegion 0x0000000000000500-0x000000000000055F (\_SB.PCI0.PEG0.PEGP.GPIO) (20210930/utaddress-213)
[   41.584114] ACPI Warning: SystemIO range 0x0000000000000540-0x000000000000054F conflicts with OpRegion 0x0000000000000500-0x000000000000057F (\GPXX) (20210930/utaddress-213)
[   41.584119] ACPI Warning: SystemIO range 0x0000000000000540-0x000000000000054F conflicts with OpRegion 0x0000000000000500-0x000000000000057F (\PMIX) (20210930/utaddress-213)
[   41.584125] ACPI Warning: SystemIO range 0x0000000000000540-0x000000000000054F conflicts with OpRegion 0x0000000000000500-0x0000000000000563 (\GPIO) (20210930/utaddress-213)
[   41.584130] ACPI: OSL: Resource conflict; ACPI support missing from driver?
[   41.584132] ACPI Warning: SystemIO range 0x0000000000000530-0x000000000000053F conflicts with OpRegion 0x0000000000000500-0x000000000000055F (\_SB.PCI0.PEG0.PEGP.GPIO) (20210930/utaddress-213)
[   41.584138] ACPI Warning: SystemIO range 0x0000000000000530-0x000000000000053F conflicts with OpRegion 0x0000000000000500-0x000000000000057F (\GPXX) (20210930/utaddress-213)
[   41.584142] ACPI Warning: SystemIO range 0x0000000000000530-0x000000000000053F conflicts with OpRegion 0x0000000000000500-0x000000000000057F (\PMIX) (20210930/utaddress-213)
[   41.584147] ACPI Warning: SystemIO range 0x0000000000000530-0x000000000000053F conflicts with OpRegion 0x0000000000000500-0x0000000000000563 (\GPIO) (20210930/utaddress-213)
[   41.584151] ACPI: OSL: Resource conflict; ACPI support missing from driver?
[   41.584153] ACPI Warning: SystemIO range 0x0000000000000500-0x000000000000052F conflicts with OpRegion 0x0000000000000500-0x000000000000055F (\_SB.PCI0.PEG0.PEGP.GPIO) (20210930/utaddress-213)
[   41.584157] ACPI Warning: SystemIO range 0x0000000000000500-0x000000000000052F conflicts with OpRegion 0x0000000000000500-0x000000000000057F (\GPXX) (20210930/utaddress-213)
[   41.584162] ACPI Warning: SystemIO range 0x0000000000000500-0x000000000000052F conflicts with OpRegion 0x0000000000000500-0x000000000000057F (\PMIX) (20210930/utaddress-213)
[   41.584166] ACPI Warning: SystemIO range 0x0000000000000500-0x000000000000052F conflicts with OpRegion 0x0000000000000500-0x0000000000000563 (\GPIO) (20210930/utaddress-213)
[   41.584170] ACPI: OSL: Resource conflict; ACPI support missing from driver?
[   41.584171] lpc_ich: Resource conflict(s) found affecting gpio_ich
[   41.859425] acer_wmi: Acer Laptop ACPI-WMI Extras
[   41.859475] acer_wmi: Function bitmap for Communication Button: 0x801
[   41.866516] input: Acer WMI hotkeys as /devices/virtual/input/input11
[   41.959807] input: PC Speaker as /devices/platform/pcspkr/input/input12
[   42.363319] at24 0-0050: 256 byte spd EEPROM, read-only
[   42.364012] at24 0-0052: 256 byte spd EEPROM, read-only
[   42.364680] at24 0-0053: 256 byte spd EEPROM, read-only
[   42.631896] Error: Driver 'pcspkr' is already registered, aborting...
[   42.768843] sd 0:0:0:0: Attached scsi generic sg0 type 0
[   42.768874] sr 2:0:0:0: Attached scsi generic sg1 type 5
[   42.768899] sd 3:0:0:0: Attached scsi generic sg2 type 0
[   43.026817] iTCO_vendor_support: vendor-support=0
[   43.092814] RAPL PMU: API unit is 2^-32 Joules, 3 fixed counters, 163840 ms ovfl timer
[   43.092825] RAPL PMU: hw unit of domain pp0-core 2^-16 Joules
[   43.092826] RAPL PMU: hw unit of domain package 2^-16 Joules
[   43.092827] RAPL PMU: hw unit of domain pp1-gpu 2^-16 Joules
[   43.123581] iTCO_wdt iTCO_wdt.1.auto: Found a Panther Point TCO device (Version=2, TCOBASE=0x0460)
[   43.123677] iTCO_wdt iTCO_wdt.1.auto: initialized. heartbeat=30 sec (nowayout=0)
[   44.138876] ACPI: bus type drm_connector registered
[   44.206101] cfg80211: Loading compiled-in X.509 certificates for regulatory database
[   44.241899] cfg80211: Loaded X.509 cert 'sforshee: 00b28ddf47aef9cea7'
[   46.152707] platform regulatory.0: Direct firmware load for regulatory.db failed with error -2
[   46.152722] cfg80211: failed to load regulatory.db
[   49.881765] mc: Linux media interface: v0.10
[   50.195978] ath: phy0: ASPM enabled: 0x43
[   50.195989] ath: EEPROM regdomain: 0x6a
[   50.195992] ath: EEPROM indicates we should expect a direct regpair map
[   50.195995] ath: Country alpha2 being used: 00
[   50.195997] ath: Regpair used: 0x6a
[   50.197050] ieee80211 phy0: Selected rate control algorithm 'minstrel_ht'
[   50.197100] intel_rapl_common: Found RAPL domain package
[   50.197108] intel_rapl_common: Found RAPL domain core
[   50.197110] intel_rapl_common: Found RAPL domain uncore
[   50.197124] intel_rapl_common: RAPL package-0 domain package locked by BIOS
[   50.197586] ieee80211 phy0: Atheros AR9462 Rev:2 mem=0xffffad56c0c80000, irq=17
[   50.253339] videodev: Linux video capture interface: v2.00
[   50.583210] ath9k 0000:0d:00.0 wlp13s0: renamed from wlan0
[   54.123311] usb 1-1.1: Found UVC 1.00 device HD WebCam (04f2:b374)
[   54.140457] input: HD WebCam: HD WebCam as /devices/pci0000:00/0000:00:1a.0/usb1/1-1/1-1.1/1-1.1:1.0/input/input13
[   54.140533] usbcore: registered new interface driver uvcvideo
[   57.813710] Bluetooth: Core ver 2.22
[   57.813786] NET: Registered PF_BLUETOOTH protocol family
[   57.813789] Bluetooth: HCI device and connection manager initialized
[   57.813798] Bluetooth: HCI socket layer initialized
[   57.813803] Bluetooth: L2CAP socket layer initialized
[   57.813811] Bluetooth: SCO socket layer initialized
[   57.974775] i915 0000:00:02.0: vgaarb: deactivate vga console
[   57.975785] Console: switching to colour dummy device 80x25
[   57.977499] i915 0000:00:02.0: vgaarb: changed VGA decodes: olddecodes=io+mem,decodes=none:owns=io+mem
[   57.991111] i915 0000:00:02.0: [drm] LVDS was detected, not registering eDP
[   58.013025] [drm] Initialized i915 1.6.0 20201103 for 0000:00:02.0 on minor 0
[   58.013426] ACPI: video: Video Device [PEGP] (multi-head: no  rom: yes  post: no)
[   58.013572] input: Video Bus as /devices/LNXSYSTM:00/LNXSYBUS:00/PNP0A08:00/device:36/LNXVIDEO:00/input/input14
[   58.014152] ACPI: video: Video Device [GFX0] (multi-head: yes  rom: no  post: no)
[   58.014323] input: Video Bus as /devices/LNXSYSTM:00/LNXSYBUS:00/PNP0A08:00/LNXVIDEO:01/input/input15
[   58.014415] snd_hda_intel 0000:00:1b.0: bound 0000:00:02.0 (ops i915_audio_component_bind_ops [i915])
[   58.027024] fbcon: i915 (fb0) is primary device
[   58.152110] usbcore: registered new interface driver btusb
[   58.188161] usbcore: registered new interface driver ath3k
[   58.397860] snd_hda_codec_realtek hdaudioC0D0: autoconfig for ALC269VB: line_outs=1 (0x14/0x0/0x0/0x0/0x0) type:speaker
[   58.397872] snd_hda_codec_realtek hdaudioC0D0:    speaker_outs=0 (0x0/0x0/0x0/0x0/0x0)
[   58.397876] snd_hda_codec_realtek hdaudioC0D0:    hp_outs=1 (0x21/0x0/0x0/0x0/0x0)
[   58.397880] snd_hda_codec_realtek hdaudioC0D0:    mono: mono_out=0x0
[   58.397882] snd_hda_codec_realtek hdaudioC0D0:    inputs:
[   58.397885] snd_hda_codec_realtek hdaudioC0D0:      Internal Mic=0x1b
[   58.397888] snd_hda_codec_realtek hdaudioC0D0:      Mic=0x18
[   58.511665] input: HDA Digital PCBeep as /devices/pci0000:00/0000:00:1b.0/sound/card0/input16
[   58.511747] input: HDA Intel PCH Mic as /devices/pci0000:00/0000:00:1b.0/sound/card0/input17
[   58.511825] input: HDA Intel PCH Headphone as /devices/pci0000:00/0000:00:1b.0/sound/card0/input18
[   58.511892] input: HDA Intel PCH HDMI/DP,pcm=3 as /devices/pci0000:00/0000:00:1b.0/sound/card0/input19
[   58.870569] Console: switching to colour frame buffer device 240x67
[   58.896594] i915 0000:00:02.0: [drm] fb0: i915 frame buffer device
[   59.485973] ACPI Warning: \_SB.PCI0.GFX0._DSM: Argument #4 type mismatch - Found [Buffer], ACPI requires [Package] (20210930/nsarguments-68)
[   59.485999] ACPI: \_SB_.PCI0.GFX0: failed to evaluate _DSM
[   59.486033] ACPI Warning: \_SB.PCI0.PEG0.PEGP._DSM: Argument #4 type mismatch - Found [Buffer], ACPI requires [Package] (20210930/nsarguments-68)
[   59.486259] pci 0000:01:00.0: optimus capabilities: enabled, status dynamic power, hda bios codec supported
[   59.486265] VGA switcheroo: detected Optimus DSM method \_SB_.PCI0.PEG0.PEGP handle
[   59.486302] nouveau 0000:01:00.0: enabling device (0006 -> 0007)
[   59.486652] nouveau 0000:01:00.0: NVIDIA GK107 (0e7110a2)
[   59.505825] nouveau 0000:01:00.0: bios: version 80.07.24.00.70
[   59.629365] nouveau 0000:01:00.0: fb: 2048 MiB DDR3
[   59.696181] vga_switcheroo: enabled
[   59.696197] nouveau 0000:01:00.0: DRM: VRAM: 2048 MiB
[   59.696198] nouveau 0000:01:00.0: DRM: GART: 1048576 MiB
[   59.696202] nouveau 0000:01:00.0: DRM: TMDS table version 2.0
[   59.696203] nouveau 0000:01:00.0: DRM: DCB version 4.0
[   59.697862] nouveau 0000:01:00.0: DRM: MM: using COPY for buffer copies
[   59.698477] [drm] Initialized nouveau 1.3.1 20120801 for 0000:01:00.0 on minor 1
[   61.517772] EXT4-fs (sdb1): mounting ext2 file system using the ext4 subsystem
[   61.729350] EXT4-fs (sdb1): mounted filesystem without journal. Opts: (null). Quota mode: none.
[   61.729387] ext2 filesystem being mounted at /boot supports timestamps until 2038 (0x7fffffff)
[   88.909625] wlp13s0: authenticate with c8:3a:35:53:98:f0
[   88.920517] wlp13s0: send auth to c8:3a:35:53:98:f0 (try 1/3)
[   88.923649] wlp13s0: authenticated
[   88.927377] wlp13s0: associate with c8:3a:35:53:98:f0 (try 1/3)
[   88.930954] wlp13s0: RX AssocResp from c8:3a:35:53:98:f0 (capab=0x411 status=0 aid=2)
[   88.931253] wlp13s0: associated
[  113.138644] nouveau 0000:01:00.0: Enabling HDA controller
[  138.501716] nouveau 0000:01:00.0: Enabling HDA controller
[  184.040304] nouveau 0000:01:00.0: Enabling HDA controller
[  199.588724] nouveau 0000:01:00.0: Enabling HDA controller
[  206.946974] nouveau 0000:01:00.0: Enabling HDA controller
[  230.721818] EXT4-fs (sda4): mounted filesystem with ordered data mode. Opts: errors=remount-ro. Quota mode: none.
[  232.736603] EXT4-fs (sda2): mounted filesystem with ordered data mode. Opts: errors=remount-ro. Quota mode: none.
[  570.782983] sysrq: Manual OOM execution
[  570.783061] kworker/1:1 invoked oom-killer: gfp_mask=0xcc0(GFP_KERNEL), order=-1, oom_score_adj=0
[  570.783065] CPU: 1 PID: 77 Comm: kworker/1:1 Not tainted 5.16.0-rc2.le9ec #6
[  570.783068] Hardware name: Acer VAG70_HC/VAG70, BIOS V2.16 01/14/2013
[  570.783069] Workqueue: events moom_callback
[  570.783075] Call Trace:
[  570.783077]  <TASK>
[  570.783080]  dump_stack_lvl+0x47/0x5c
[  570.783084]  dump_header+0x4a/0x220
[  570.783087]  oom_kill_process+0x100/0x140
[  570.783090]  out_of_memory+0x10b/0x540
[  570.783093]  moom_callback+0x7c/0xc0
[  570.783096]  process_one_work+0x193/0x390
[  570.783099]  worker_thread+0x4c/0x390
[  570.783101]  ? preempt_count_add+0x56/0xa0
[  570.783105]  ? rescuer_thread+0x320/0x320
[  570.783107]  kthread+0x14b/0x190
[  570.783109]  ? set_kthread_struct+0x40/0x40
[  570.783111]  ret_from_fork+0x22/0x30
[  570.783114]  </TASK>
[  570.783115] Mem-Info:
[  570.783117] active_anon:676 inactive_anon:2911671 isolated_anon:0
                active_file:291 inactive_file:108 isolated_file:0
                unevictable:24591 dirty:0 writeback:0
                slab_reclaimable:7619 slab_unreclaimable:14265
                mapped:30374 shmem:52736 pagetables:12746 bounce:0
                kernel_misc_reclaimable:0
                free:30470 free_pcp:193 free_cma:0
[  570.783121] Node 0 active_anon:2704kB inactive_anon:11646684kB active_file:1164kB inactive_file:432kB unevictable:98364kB isolated(anon):0kB isolated(file):0kB mapped:121496kB dirty:0kB writeback:0kB shmem:210944kB shmem_thp: 0kB shmem_pmdmapped: 0kB anon_thp: 0kB writeback_tmp:0kB kernel_stack:9776kB pagetables:50984kB all_unreclaimable? no
[  570.783125] Node 0 DMA free:15360kB boost:0kB min:88kB low:108kB high:128kB reserved_highatomic:0KB active_anon:0kB inactive_anon:0kB active_file:0kB inactive_file:0kB unevictable:0kB writepending:0kB present:15984kB managed:15360kB mlocked:0kB bounce:0kB free_pcp:0kB local_pcp:0kB free_cma:0kB
[  570.783129] lowmem_reserve[]: 0 1975 11446 11446 11446
[  570.783132] Node 0 DMA32 free:49512kB boost:0kB min:11648kB low:14560kB high:17472kB reserved_highatomic:0KB active_anon:0kB inactive_anon:2314436kB active_file:0kB inactive_file:0kB unevictable:0kB writepending:0kB present:2429692kB managed:2364156kB mlocked:0kB bounce:0kB free_pcp:0kB local_pcp:0kB free_cma:0kB
[  570.783136] lowmem_reserve[]: 0 0 9470 9470 9470
[  570.783138] Node 0 Normal free:57008kB boost:0kB min:55844kB low:69804kB high:83764kB reserved_highatomic:0KB active_anon:2704kB inactive_anon:9332248kB active_file:568kB inactive_file:0kB unevictable:98364kB writepending:0kB present:9951232kB managed:9702104kB mlocked:184kB bounce:0kB free_pcp:772kB local_pcp:0kB free_cma:0kB
[  570.783142] lowmem_reserve[]: 0 0 0 0 0
[  570.783145] Node 0 DMA: 0*4kB 0*8kB 0*16kB 0*32kB 0*64kB 0*128kB 0*256kB 0*512kB 1*1024kB (U) 1*2048kB (M) 3*4096kB (M) = 15360kB
[  570.783154] Node 0 DMA32: 4*4kB (UM) 3*8kB (U) 6*16kB (UM) 7*32kB (UM) 4*64kB (UM) 6*128kB (UM) 2*256kB (U) 1*512kB (U) 2*1024kB (UM) 2*2048kB (UM) 10*4096kB (M) = 49512kB
[  570.783165] Node 0 Normal: 2606*4kB (UME) 1661*8kB (UME) 755*16kB (UME) 215*32kB (UME) 161*64kB (UME) 27*128kB (UM) 0*256kB 0*512kB 0*1024kB 0*2048kB 0*4096kB = 56432kB
[  570.783175] Node 0 hugepages_total=0 hugepages_free=0 hugepages_surp=0 hugepages_size=2048kB
[  570.783177] 53069 total pagecache pages
[  570.783178] 0 pages in swap cache
[  570.783178] Swap cache stats: add 0, delete 0, find 0/0
[  570.783179] Free swap  = 0kB
[  570.783180] Total swap = 0kB
[  570.783180] 3099227 pages RAM
[  570.783181] 0 pages HighMem/MovableOnly
[  570.783182] 78822 pages reserved
[  570.783182] 0 pages hwpoisoned
[  570.783183] Tasks state (memory values in pages):
[  570.783183] [  pid  ]   uid  tgid total_vm      rss pgtables_bytes swapents oom_score_adj name
[  570.783186] [    384]     0   384    17213      154   163840        0             0 systemd-journal
[  570.783189] [    464]     0   464    11967      627   118784        0         -1000 systemd-udevd
[  570.783191] [    768]   100   768    31914      140   159744        0             0 systemd-timesyn
[  570.783193] [    771]     0   771     6993       50   102400        0             0 atd
[  570.783195] [    772]   113   772    11259       88   131072        0             0 avahi-daemon
[  570.783197] [    774]     0   774    11136      163   131072        0             0 systemd-logind
[  570.783198] [    784]     0   784     7418       72   102400        0             0 cron
[  570.783200] [    791]     0   791   105151      411   323584        0             0 ModemManager
[  570.783202] [    797]   105   797    45943       81   126976        0             0 rtkit-daemon
[  570.783203] [    798]     0   798    70602      318   192512        0             0 accounts-daemon
[  570.783205] [    808]     0   808     6321      232    94208        0             0 smartd
[  570.783207] [    809]     0   809     8480       97   110592        0             0 irqbalance
[  570.783208] [    810]   108   810    10970      309   126976        0          -900 dbus-daemon
[  570.783210] [    815]   113   815    11259       88   126976        0             0 avahi-daemon
[  570.783212] [    840]     0   840   120049      876   356352        0             0 NetworkManager
[  570.783213] [    858]     0   858    72004      731   204800        0             0 polkitd
[  570.783215] [    879]     0   879   243320      731   196608        0             0 stunnel4
[  570.783217] [    923]  1000   923     8993      127   118784        0             0 ss-local
[  570.783218] [    927]   116   927     7847       56    98304        0             0 dnscrypt-proxy
[  570.783220] [    929]    13   929     5546       48    90112        0             0 obfs-local
[  570.783222] [    932]   119   932     5547      147    77824        0             0 privoxy
[  570.783223] [    940]   110   940    22413     5746   225280        0             0 tor
[  570.783225] [    943]     0   943    11099      198   118784        0             0 wpa_supplicant
[  570.783226] [    964]     0   964     5124      260    77824        0             0 dhclient
[  570.783228] [    991]     0   991    18496      136   196608        0             0 login
[  570.783229] [   1075]  1000  1075    15782      273   163840        0             0 systemd
[  570.783231] [   1076]  1000  1076    21402      620   200704        0             0 (sd-pam)
[  570.783233] [   1079]  1000  1079     6078     1196    86016        0             0 bash
[  570.783234] [   1094]     0  1094    72489      276   204800        0             0 lightdm
[  570.783236] [   1099]     0  1099   100097    19636   688128        0             0 Xorg
[  570.783238] [   1155]     0  1155    60869      270   241664        0             0 lightdm
[  570.783239] [   1163]  1000  1163    53575      427   180224        0             0 gnome-keyring-d
[  570.783241] [   1165]  1000  1165   104799     1570   434176        0             0 mate-session
[  570.783242] [   1173]  1000  1173    10921      251   126976        0             0 dbus-daemon
[  570.783244] [   1205]  1000  1205     2776       83    61440        0             0 ssh-agent
[  570.783245] [   1208]  1000  1208    71185      208   184320        0             0 gvfsd
[  570.783247] [   1214]  1000  1214    87256      127   180224        0             0 at-spi-bus-laun
[  570.783248] [   1219]  1000  1219    10817      159   126976        0             0 dbus-daemon
[  570.783250] [   1221]  1000  1221    54556      183   192512        0             0 at-spi2-registr
[  570.783252] [   1224]  1000  1224    47051      353   135168        0             0 dconf-service
[  570.783253] [   1233]  1000  1233   399941     2141   786432        0             0 mate-settings-d
[  570.783255] [   1237]  1000  1237   110363     2214   499712        0             0 marco
[  570.783256] [   1242]  1000  1242   308399     3350   696320        0             0 caja
[  570.783258] [   1246]  1000  1246   126286     1380   487424        0             0 mate-power-mana
[  570.783259] [   1247]  1000  1247   176595     1665   593920        0             0 mate-volume-con
[  570.783261] [   1250]  1000  1250   165760     6174   610304        0             0 mate-panel
[  570.783262] [   1258]  1000  1258   289703     1373   409600        0             0 pulseaudio
[  570.783264] [   1259]  1000  1259   108161     1238   454656        0             0 mate-screensave
[  570.783266] [   1261]  1000  1261   120096     1640   516096        0             0 polkit-mate-aut
[  570.783267] [   1265]  1000  1265   131005     1707   516096        0             0 nm-applet
[  570.783269] [   1287]  1000  1287    90185      226   200704        0             0 gvfsd-trash
[  570.783270] [   1297]     0  1297    77698      334   221184        0             0 upowerd
[  570.783272] [   1300]  1000  1300   122840     1623   462848        0             0 wnck-applet
[  570.783273] [   1304]  1000  1304   100805     1293   421888        0             0 notification-ar
[  570.783275] [   1309]  1000  1309   136256     1319   425984        0             0 mate-multiload-
[  570.783277] [   1311]  1000  1311    99426     1283   405504        0             0 mate-brightness
[  570.783278] [   1318]  1000  1318    31477      209   274432        0             0 gconf-helper
[  570.783280] [   1323]  1000  1323   127165     1376   503808        0             0 mate-sensors-ap
[  570.783281] [   1333]  1000  1333    17396      184   172032        0             0 gconfd-2
[  570.783283] [   1360]  1000  1360   125316      410   282624        0             0 gvfs-udisks2-vo
[  570.783284] [   1364]     0  1364    93463      469   217088        0             0 udisksd
[  570.783286] [   1371]  1000  1371    67404      119   159744        0             0 gvfs-goa-volume
[  570.783288] [   1380]  1000  1380   139671     1733   536576        0             0 clock-applet
[  570.783289] [   1381]  1000  1381    92570      220   221184        0             0 gvfs-afc-volume
[  570.783291] [   1386]  1000  1386    67405      159   155648        0             0 gvfs-mtp-volume
[  570.783292] [   1390]  1000  1390    70456      190   184320        0             0 gvfs-gphoto2-vo
[  570.783294] [   1418]  1000  1418    84833     1207   425984        0             0 msd-locate-poin
[  570.783296] [   1435]  1000  1435    52796     2636   180224        0             0 gvfsd-metadata
[  570.783297] [   1438]  1000  1438   174254     7224   684032        0             0 pluma
[  570.783299] [   1446]  1000  1446   127236     2957   581632        0             0 mate-system-mon
[  570.783300] [   1454]  1000  1454   226518     6880  1077248        0             0 dolphin
[  570.783302] [   1455]  1000  1455   830627    48159  1843200        0             0 firefox-esr
[  570.783304] [   1507]  1000  1507    38430      467   278528        0             0 kdeinit5
[  570.783305] [   1508]  1000  1508   165189     1655   749568        0             0 klauncher
[  570.783307] [   1513]  1000  1513    49291      545   356352        0             0 file.so
[  570.783309] [   1514]  1000  1514    68702      723   364544        0             0 trash.so
[  570.783310] [   1516]  1000  1516    49325      566   356352        0             0 file.so
[  570.783312] [   1575]  1000  1575   767012    53898  2048000        0             0 Web Content
[  570.783313] [   1623]  1000  1623   658219    10836  1097728        0             0 Web Content
[  570.783315] [   1700]  1000  1700  6957538    16593  1327104        0             0 WebExtensions
[  570.783316] [   1727]  1000  1727   655959    12061  1015808        0             0 Privileged Cont
[  570.783318] [   1787]  1000  1787   643751     4482   847872        0             0 Web Content
[  570.783319] [   1864]  1000  1864    91845     2926   602112        0             0 RDD Process
[  570.783321] [   1994]  1000  1994    81005     1076   409600        0             0 lxterminal
[  570.783323] [   1999]  1000  1999     3671       37    73728        0             0 gnome-pty-helpe
[  570.783325] [   2000]  1000  2000     6071     1174    90112        0             0 bash
[  570.783326] [   2008]  1000  2008     1071       17    53248        0           900 tdz
[  570.783328] [   2009]  1000  2009  2679700  2678257 21528576        0           900 tail
[  570.783330] oom-kill:constraint=CONSTRAINT_NONE,nodemask=(null),cpuset=/,mems_allowed=0,global_oom,task_memcg=/user.slice/user-1000.slice/session-4.scope,task=tail,pid=2009,uid=1000
[  570.783342] Out of memory: Killed process 2009 (tail) total-vm:10718800kB, anon-rss:10713024kB, file-rss:4kB, shmem-rss:0kB, UID:1000 pgtables:21024kB oom_score_adj:900
[  571.387927] oom_reaper: reaped process 2009 (tail), now anon-rss:0kB, file-rss:0kB, shmem-rss:0kB
[  575.508742] potentially unexpected fatal signal 6.
[  575.508754] CPU: 0 PID: 384 Comm: systemd-journal Not tainted 5.16.0-rc2.le9ec #6
[  575.508761] Hardware name: Acer VAG70_HC/VAG70, BIOS V2.16 01/14/2013
[  575.508763] RIP: 0033:0x7f4b71cdf44b
[  575.508773] Code: 00 16 00 00 00 b8 ff ff ff ff c3 0f 1f 40 00 83 ff 01 48 89 d0 77 38 48 63 fe 4d 63 d0 48 89 c6 48 89 ca b8 06 01 00 00 0f 05 <48> 3d 00 f0 ff ff 77 05 f3 c3 0f 1f 00 48 8b 15 19 da 2b 00 f7 d8
[  575.508778] RSP: 002b:00007ffea0622308 EFLAGS: 00000246 ORIG_RAX: 0000000000000106
[  575.508785] RAX: 0000000000000000 RBX: 0000555a46961413 RCX: 00007f4b71cdf44b
[  575.508788] RDX: 00007ffea0622380 RSI: 0000555a46961413 RDI: 000000000000003d
[  575.508790] RBP: 0000555a46960d10 R08: 0000000000000100 R09: 0000000000008040
[  575.508793] R10: 0000000000000100 R11: 0000000000000246 R12: 00007f4b729d06c0
[  575.508796] R13: 00007ffea0622470 R14: 00007ffea0622380 R15: 0000555a4693c8a0
[  575.508799] FS:  00007f4b729d08c0 GS:  0000000000000000
[  575.509744] systemd[1]: systemd-journald.service: Main process exited, code=killed, status=6/ABRT
[  575.510672] systemd[1]: systemd-journald.service: Unit entered failed state.
[  575.841349] systemd[1]: systemd-journald.service: Failed with result 'watchdog'.
[  575.842306] systemd[1]: systemd-journald.service: Service has no hold-off time, scheduling restart.
[  575.843588] systemd[1]: Stopped Flush Journal to Persistent Storage.
[  575.843671] systemd[1]: Stopping Flush Journal to Persistent Storage...
[  575.843696] systemd[1]: Stopped Journal Service.
[  576.816730] systemd[1]: Starting Journal Service...
[  589.611108] systemd-journald[2014]: File /var/log/journal/9d230526b63a40f5b6ff08c3cae75f08/system.journal corrupted or uncleanly shut down, renaming and replacing.
[  602.437203] systemd[1]: Started Journal Service.
[  602.726392] systemd-journald[2014]: File /var/log/journal/9d230526b63a40f5b6ff08c3cae75f08/user-1000.journal corrupted or uncleanly shut down, renaming and replacing.
[  724.987691] ss-local invoked oom-killer: gfp_mask=0x1140cca(GFP_HIGHUSER_MOVABLE|__GFP_COMP), order=0, oom_score_adj=0
[  724.987716] CPU: 0 PID: 923 Comm: ss-local Not tainted 5.16.0-rc2.le9ec #6
[  724.987725] Hardware name: Acer VAG70_HC/VAG70, BIOS V2.16 01/14/2013
[  724.987729] Call Trace:
[  724.987737]  <TASK>
[  724.987743]  dump_stack_lvl+0x47/0x5c
[  724.987759]  dump_header+0x4a/0x220
[  724.987775]  oom_kill_process+0x100/0x140
[  724.987788]  out_of_memory+0x10b/0x540
[  724.987803]  __alloc_pages_slowpath.constprop.117+0xa7a/0xd10
[  724.987818]  ? __alloc_pages_slowpath.constprop.117+0xc28/0xd10
[  724.987840]  __alloc_pages+0x2d7/0x320
[  724.987852]  folio_alloc+0x17/0x40
[  724.987867]  __filemap_get_folio+0x212/0x5d0
[  724.987883]  pagecache_get_page+0x13/0x70
[  724.987895]  filemap_fault+0x424/0x10a0
[  724.987907]  ? __mod_lruvec_page_state+0x7e/0xc0
[  724.987925]  ? do_set_pte+0xb8/0x120
[  724.987937]  ? next_uptodate_page+0xe1/0x270
[  724.987953]  __do_fault+0x38/0xb0
[  724.987965]  __handle_mm_fault+0xe25/0x12d0
[  724.987984]  handle_mm_fault+0xab/0x230
[  724.988000]  do_user_addr_fault+0x19e/0x700
[  724.988011]  ? exit_to_user_mode_prepare+0xa0/0x190
[  724.988025]  exc_page_fault+0x65/0x160
[  724.988037]  ? asm_exc_page_fault+0x8/0x30
[  724.988051]  asm_exc_page_fault+0x1e/0x30
[  724.988061] RIP: 0033:0x7f15ebd58516
[  724.988082] Code: Unable to access opcode bytes at RIP 0x7f15ebd584ec.
[  724.988086] RSP: 002b:00007ffc9509d340 EFLAGS: 00010246
[  724.988097] RAX: 00007ffc9509d360 RBX: 00007ffc9509d360 RCX: 0000000000000000
[  724.988103] RDX: 0000000000000040 RSI: 0000000000000000 RDI: 00007ffc9509d360
[  724.988109] RBP: 0000000000000040 R08: 0000000000000000 R09: 00007ffc9509d440
[  724.988116] R10: 000000000000005e R11: 00007ffc9509d390 R12: 00007ffc9509d400
[  724.988123] R13: 00005654f4060bf0 R14: 00007ffc9509d6a0 R15: 00005654f404ca60
[  724.988135]  </TASK>
[  724.988139] Mem-Info:
[  724.988148] active_anon:848 inactive_anon:2909919 isolated_anon:0
                active_file:58 inactive_file:218 isolated_file:0
                unevictable:28772 dirty:0 writeback:0
                slab_reclaimable:7632 slab_unreclaimable:14018
                mapped:32426 shmem:53235 pagetables:12541 bounce:0
                kernel_misc_reclaimable:0
                free:30126 free_pcp:319 free_cma:0
[  724.988167] Node 0 active_anon:3392kB inactive_anon:11639676kB active_file:232kB inactive_file:872kB unevictable:115088kB isolated(anon):0kB isolated(file):0kB mapped:129704kB dirty:0kB writeback:0kB shmem:212940kB shmem_thp: 0kB shmem_pmdmapped: 0kB anon_thp: 0kB writeback_tmp:0kB kernel_stack:9088kB pagetables:50164kB all_unreclaimable? yes
[  724.988185] Node 0 DMA free:15360kB boost:0kB min:88kB low:108kB high:128kB reserved_highatomic:0KB active_anon:0kB inactive_anon:0kB active_file:0kB inactive_file:0kB unevictable:0kB writepending:0kB present:15984kB managed:15360kB mlocked:0kB bounce:0kB free_pcp:0kB local_pcp:0kB free_cma:0kB
[  724.988211] lowmem_reserve[]: 0 1975 11446 11446 11446
[  724.988229] Node 0 DMA32 free:49476kB boost:0kB min:11648kB low:14560kB high:17472kB reserved_highatomic:0KB active_anon:0kB inactive_anon:2309936kB active_file:0kB inactive_file:0kB unevictable:0kB writepending:0kB present:2429692kB managed:2364156kB mlocked:0kB bounce:0kB free_pcp:0kB local_pcp:0kB free_cma:0kB
[  724.988252] lowmem_reserve[]: 0 0 9470 9470 9470
[  724.988272] Node 0 Normal free:55668kB boost:0kB min:55844kB low:69804kB high:83764kB reserved_highatomic:0KB active_anon:3392kB inactive_anon:9329740kB active_file:688kB inactive_file:708kB unevictable:115088kB writepending:0kB present:9951232kB managed:9702104kB mlocked:17312kB bounce:0kB free_pcp:1256kB local_pcp:0kB free_cma:0kB
[  724.988294] lowmem_reserve[]: 0 0 0 0 0
[  724.988311] Node 0 DMA: 0*4kB 0*8kB 0*16kB 0*32kB 0*64kB 0*128kB 0*256kB 0*512kB 1*1024kB (U) 1*2048kB (M) 3*4096kB (M) = 15360kB
[  724.988370] Node 0 DMA32: 7*4kB (UM) 11*8kB (U) 21*16kB (UM) 42*32kB (UM) 23*64kB (UM) 9*128kB (UM) 4*256kB (UM) 0*512kB 1*1024kB (M) 1*2048kB (M) 10*4096kB (UME) = 49476kB
[  724.988436] Node 0 Normal: 2012*4kB (UME) 1486*8kB (UME) 821*16kB (UME) 302*32kB (UME) 131*64kB (UME) 35*128kB (UM) 0*256kB 0*512kB 0*1024kB 0*2048kB 0*4096kB = 55600kB
[  724.988508] Node 0 hugepages_total=0 hugepages_free=0 hugepages_surp=0 hugepages_size=2048kB
[  724.988515] 54922 total pagecache pages
[  724.988520] 0 pages in swap cache
[  724.988524] Swap cache stats: add 0, delete 0, find 0/0
[  724.988532] Free swap  = 0kB
[  724.988536] Total swap = 0kB
[  724.988541] 3099227 pages RAM
[  724.988544] 0 pages HighMem/MovableOnly
[  724.988548] 78822 pages reserved
[  724.988552] 0 pages hwpoisoned
[  724.988556] Tasks state (memory values in pages):
[  724.988560] [  pid  ]   uid  tgid total_vm      rss pgtables_bytes swapents oom_score_adj name
[  724.988588] [    464]     0   464    11967      627   118784        0         -1000 systemd-udevd
[  724.988610] [    768]   100   768    31914      140   159744        0             0 systemd-timesyn
[  724.988625] [    771]     0   771     6993       50   102400        0             0 atd
[  724.988638] [    772]   113   772    11259       88   131072        0             0 avahi-daemon
[  724.988650] [    774]     0   774    11136      312   131072        0             0 systemd-logind
[  724.988661] [    784]     0   784     7418       78   102400        0             0 cron
[  724.988672] [    791]     0   791   105151      411   323584        0             0 ModemManager
[  724.988680] [    797]   105   797    45943       81   126976        0             0 rtkit-daemon
[  724.988688] [    798]     0   798    70602      317   192512        0             0 accounts-daemon
[  724.988697] [    808]     0   808     6321      232    94208        0             0 smartd
[  724.988704] [    809]     0   809     8480       98   110592        0             0 irqbalance
[  724.988711] [    810]   108   810    10970      310   126976        0          -900 dbus-daemon
[  724.988718] [    815]   113   815    11259       88   126976        0             0 avahi-daemon
[  724.988725] [    840]     0   840   120049      877   356352        0             0 NetworkManager
[  724.988731] [    858]     0   858    72004      940   204800        0             0 polkitd
[  724.988738] [    879]     0   879   243260      705   196608        0             0 stunnel4
[  724.988745] [    923]  1000   923     9026      133   118784        0             0 ss-local
[  724.988752] [    927]   116   927     7847       78    98304        0             0 dnscrypt-proxy
[  724.988759] [    929]    13   929     5546       48    90112        0             0 obfs-local
[  724.988766] [    932]   119   932     5547      147    77824        0             0 privoxy
[  724.988773] [    940]   110   940    22413     5913   225280        0             0 tor
[  724.988781] [    943]     0   943    11099      198   118784        0             0 wpa_supplicant
[  724.988788] [    964]     0   964     5124      260    77824        0             0 dhclient
[  724.988796] [    991]     0   991    18496      136   196608        0             0 login
[  724.988803] [   1075]  1000  1075    15782      273   163840        0             0 systemd
[  724.988812] [   1076]  1000  1076    21402      620   200704        0             0 (sd-pam)
[  724.988819] [   1079]  1000  1079     6078     1196    86016        0             0 bash
[  724.988827] [   1094]     0  1094    72489      276   204800        0             0 lightdm
[  724.988836] [   1099]     0  1099    99086    20068   679936        0             0 Xorg
[  724.988843] [   1155]     0  1155    60869      270   241664        0             0 lightdm
[  724.988851] [   1163]  1000  1163    53575      427   180224        0             0 gnome-keyring-d
[  724.988859] [   1165]  1000  1165   104799     1569   434176        0             0 mate-session
[  724.988867] [   1173]  1000  1173    10921      250   126976        0             0 dbus-daemon
[  724.988875] [   1205]  1000  1205     2776       83    61440        0             0 ssh-agent
[  724.988883] [   1208]  1000  1208    71185      208   184320        0             0 gvfsd
[  724.988891] [   1214]  1000  1214    87256      127   180224        0             0 at-spi-bus-laun
[  724.988898] [   1219]  1000  1219    10817      159   126976        0             0 dbus-daemon
[  724.988906] [   1221]  1000  1221    54556      183   192512        0             0 at-spi2-registr
[  724.988914] [   1224]  1000  1224    47051      353   135168        0             0 dconf-service
[  724.988921] [   1233]  1000  1233   399959     2171   786432        0             0 mate-settings-d
[  724.988929] [   1237]  1000  1237   110363     2222   499712        0             0 marco
[  724.988937] [   1242]  1000  1242   308399     3362   696320        0             0 caja
[  724.988945] [   1246]  1000  1246   126286     1410   487424        0             0 mate-power-mana
[  724.988953] [   1247]  1000  1247   176595     1673   593920        0             0 mate-volume-con
[  724.988960] [   1250]  1000  1250   165760     6532   610304        0             0 mate-panel
[  724.988968] [   1258]  1000  1258   289703     2032   421888        0             0 pulseaudio
[  724.988976] [   1259]  1000  1259   108161     1246   454656        0             0 mate-screensave
[  724.988984] [   1261]  1000  1261   120096     1677   516096        0             0 polkit-mate-aut
[  724.988991] [   1265]  1000  1265   131005     1708   516096        0             0 nm-applet
[  724.988998] [   1287]  1000  1287    90185      226   200704        0             0 gvfsd-trash
[  724.989006] [   1297]     0  1297    77698      334   221184        0             0 upowerd
[  724.989015] [   1300]  1000  1300   122840     1702   462848        0             0 wnck-applet
[  724.989022] [   1304]  1000  1304   100805     1292   421888        0             0 notification-ar
[  724.989030] [   1309]  1000  1309   136256     1626   425984        0             0 mate-multiload-
[  724.989038] [   1311]  1000  1311    99426     1283   405504        0             0 mate-brightness
[  724.989046] [   1318]  1000  1318    31477      209   274432        0             0 gconf-helper
[  724.989054] [   1323]  1000  1323   127165     1483   503808        0             0 mate-sensors-ap
[  724.989061] [   1333]  1000  1333    17396      214   172032        0             0 gconfd-2
[  724.989069] [   1360]  1000  1360   125316      410   282624        0             0 gvfs-udisks2-vo
[  724.989077] [   1364]     0  1364    93463      468   217088        0             0 udisksd
[  724.989085] [   1371]  1000  1371    67404      119   159744        0             0 gvfs-goa-volume
[  724.989093] [   1380]  1000  1380   139671     2040   536576        0             0 clock-applet
[  724.989101] [   1381]  1000  1381    92570      220   221184        0             0 gvfs-afc-volume
[  724.989108] [   1386]  1000  1386    67405      159   155648        0             0 gvfs-mtp-volume
[  724.989116] [   1390]  1000  1390    70456      190   184320        0             0 gvfs-gphoto2-vo
[  724.989124] [   1418]  1000  1418    84833     1225   425984        0             0 msd-locate-poin
[  724.989131] [   1435]  1000  1435    52796     2636   180224        0             0 gvfsd-metadata
[  724.989140] [   1438]  1000  1438   174254     7410   684032        0             0 pluma
[  724.989147] [   1446]  1000  1446   127236     3224   581632        0             0 mate-system-mon
[  724.989155] [   1454]  1000  1454   226518     6907  1077248        0             0 dolphin
[  724.989163] [   1455]  1000  1455   830371    47385  1839104        0             0 firefox-esr
[  724.989171] [   1507]  1000  1507    38430      656   278528        0             0 kdeinit5
[  724.989179] [   1508]  1000  1508   165189     1658   749568        0             0 klauncher
[  724.989188] [   1575]  1000  1575   767782    54576  2056192        0             0 Web Content
[  724.989196] [   1623]  1000  1623   662059     8351  1105920        0             0 Web Content
[  724.989204] [   1700]  1000  1700  6956514    12853  1253376        0             0 WebExtensions
[  724.989212] [   1727]  1000  1727   655959    12121  1015808        0             0 Privileged Cont
[  724.989220] [   1864]  1000  1864    91845     2926   602112        0             0 RDD Process
[  724.989229] [   1994]  1000  1994    81336     1560   413696        0             0 lxterminal
[  724.989237] [   1999]  1000  1999     3671      235    73728        0             0 gnome-pty-helpe
[  724.989245] [   2000]  1000  2000     6071     1261    90112        0             0 bash
[  724.989253] [   2014]     0  2014    13111      494   131072        0             0 systemd-journal
[  724.989261] [   2051]  1000  2051     6071     1581    90112        0             0 bash
[  724.989269] [   2059]  1000  2059     6071     1578    86016        0             0 bash
[  724.989277] [   2064]  1000  2064    11262     2765   135168        0             0 python3
[  724.989285] [   2065]  1000  2065    11249     2763   131072        0             0 python3
[  724.989292] [   2066]  1000  2066    49291      961   356352        0             0 file.so
[  724.989300] [   2067]  1000  2067    49291      961   356352        0             0 file.so
[  724.989308] [   2068]  1000  2068  2685868  2684677 21569536        0             0 tail
[  724.989316] oom-kill:constraint=CONSTRAINT_NONE,nodemask=(null),cpuset=/,mems_allowed=0,global_oom,task_memcg=/user.slice/user-1000.slice/session-4.scope,task=tail,pid=2068,uid=1000
[  724.989361] Out of memory: Killed process 2068 (tail) total-vm:10743472kB, anon-rss:10737532kB, file-rss:1176kB, shmem-rss:0kB, UID:1000 pgtables:21064kB oom_score_adj:0
[  725.526083] oom_reaper: reaped process 2068 (tail), now anon-rss:0kB, file-rss:0kB, shmem-rss:0kB
[  802.168515] stunnel4 invoked oom-killer: gfp_mask=0x1140cca(GFP_HIGHUSER_MOVABLE|__GFP_COMP), order=0, oom_score_adj=0
[  802.168540] CPU: 7 PID: 2028 Comm: stunnel4 Not tainted 5.16.0-rc2.le9ec #6
[  802.168555] Hardware name: Acer VAG70_HC/VAG70, BIOS V2.16 01/14/2013
[  802.168559] Call Trace:
[  802.168569]  <TASK>
[  802.168576]  dump_stack_lvl+0x47/0x5c
[  802.168595]  dump_header+0x4a/0x220
[  802.168610]  oom_kill_process+0x100/0x140
[  802.168624]  out_of_memory+0x10b/0x540
[  802.168638]  __alloc_pages_slowpath.constprop.117+0xa7a/0xd10
[  802.168651]  ? __alloc_pages_slowpath.constprop.117+0xc28/0xd10
[  802.168664]  __alloc_pages+0x2d7/0x320
[  802.168674]  folio_alloc+0x17/0x40
[  802.168686]  __filemap_get_folio+0x212/0x5d0
[  802.168704]  pagecache_get_page+0x13/0x70
[  802.168717]  filemap_fault+0x424/0x10a0
[  802.168731]  ? next_uptodate_page+0xe1/0x270
[  802.168743]  __do_fault+0x38/0xb0
[  802.168754]  __handle_mm_fault+0xe25/0x12d0
[  802.168771]  handle_mm_fault+0xab/0x230
[  802.168782]  do_user_addr_fault+0x19e/0x700
[  802.168793]  ? exit_to_user_mode_prepare+0xa0/0x190
[  802.168802]  exc_page_fault+0x65/0x160
[  802.168813]  ? asm_exc_page_fault+0x8/0x30
[  802.168823]  asm_exc_page_fault+0x1e/0x30
[  802.168835] RIP: 0033:0x7f33c17e3d90
[  802.168855] Code: Unable to access opcode bytes at RIP 0x7f33c17e3d66.
[  802.168861] RSP: 002b:00007f33c1a98a98 EFLAGS: 00010202
[  802.168870] RAX: 0000000000000001 RBX: 00007f33a4000d70 RCX: 000000000000003f
[  802.168876] RDX: 0000000000005100 RSI: 00007f33c17fb770 RDI: 00007f33a4000d70
[  802.168881] RBP: 00007f33c1b36a28 R08: 0000000000000000 R09: 00000000000041b0
[  802.168887] R10: 0000000000000000 R11: 0000000000000000 R12: 00007f33c1b36a28
[  802.168893] R13: 00007f33a4000d70 R14: 0000000000000000 R15: 0000000000000000
[  802.168905]  </TASK>
[  802.169742] Mem-Info:
[  802.169751] active_anon:1014 inactive_anon:2911808 isolated_anon:0
                active_file:115 inactive_file:12 isolated_file:0
                unevictable:27223 dirty:0 writeback:0
                slab_reclaimable:7612 slab_unreclaimable:13940
                mapped:32483 shmem:51720 pagetables:12310 bounce:0
                kernel_misc_reclaimable:0
                free:30027 free_pcp:273 free_cma:0
[  802.169769] Node 0 active_anon:4056kB inactive_anon:11647232kB active_file:720kB inactive_file:48kB unevictable:108892kB isolated(anon):0kB isolated(file):0kB mapped:129932kB dirty:0kB writeback:0kB shmem:206880kB shmem_thp: 0kB shmem_pmdmapped: 0kB anon_thp: 0kB writeback_tmp:0kB kernel_stack:8496kB pagetables:49240kB all_unreclaimable? no
[  802.169784] Node 0 DMA free:15360kB boost:0kB min:88kB low:108kB high:128kB reserved_highatomic:0KB active_anon:0kB inactive_anon:0kB active_file:0kB inactive_file:0kB unevictable:0kB writepending:0kB present:15984kB managed:15360kB mlocked:0kB bounce:0kB free_pcp:0kB local_pcp:0kB free_cma:0kB
[  802.169802] lowmem_reserve[]: 0 1975 11446 11446 11446
[  802.169817] Node 0 DMA32 free:49560kB boost:0kB min:11648kB low:14560kB high:17472kB reserved_highatomic:0KB active_anon:0kB inactive_anon:2309448kB active_file:20kB inactive_file:0kB unevictable:0kB writepending:0kB present:2429692kB managed:2364156kB mlocked:0kB bounce:0kB free_pcp:116kB local_pcp:0kB free_cma:0kB
[  802.169834] lowmem_reserve[]: 0 0 9470 9470 9470
[  802.169848] Node 0 Normal free:55188kB boost:0kB min:55844kB low:69804kB high:83764kB reserved_highatomic:0KB active_anon:4056kB inactive_anon:9337784kB active_file:396kB inactive_file:300kB unevictable:108892kB writepending:0kB present:9951232kB managed:9702104kB mlocked:17312kB bounce:0kB free_pcp:972kB local_pcp:192kB free_cma:0kB
[  802.169866] lowmem_reserve[]: 0 0 0 0 0
[  802.169879] Node 0 DMA: 0*4kB 0*8kB 0*16kB 0*32kB 0*64kB 0*128kB 0*256kB 0*512kB 1*1024kB (U) 1*2048kB (M) 3*4096kB (M) = 15360kB
[  802.169923] Node 0 DMA32: 21*4kB (UME) 29*8kB (UME) 29*16kB (UME) 42*32kB (UME) 24*64kB (UME) 15*128kB (UME) 3*256kB (ME) 1*512kB (U) 2*1024kB (ME) 2*2048kB (ME) 9*4096kB (UM) = 49868kB
[  802.169981] Node 0 Normal: 2188*4kB (UME) 869*8kB (UME) 474*16kB (UME) 390*32kB (UME) 153*64kB (UME) 46*128kB (UM) 20*256kB (UM) 0*512kB 0*1024kB 0*2048kB 0*4096kB = 56568kB
[  802.170027] Node 0 hugepages_total=0 hugepages_free=0 hugepages_surp=0 hugepages_size=2048kB
[  802.170033] 53414 total pagecache pages
[  802.170036] 0 pages in swap cache
[  802.170038] Swap cache stats: add 0, delete 0, find 0/0
[  802.170042] Free swap  = 0kB
[  802.170045] Total swap = 0kB
[  802.170047] 3099227 pages RAM
[  802.170049] 0 pages HighMem/MovableOnly
[  802.170052] 78822 pages reserved
[  802.170054] 0 pages hwpoisoned
[  802.170056] Tasks state (memory values in pages):
[  802.170059] [  pid  ]   uid  tgid total_vm      rss pgtables_bytes swapents oom_score_adj name
[  802.170079] [    464]     0   464    11967      627   118784        0         -1000 systemd-udevd
[  802.170093] [    768]   100   768    31914      140   159744        0             0 systemd-timesyn
[  802.170102] [    771]     0   771     6993       50   102400        0             0 atd
[  802.170110] [    772]   113   772    11259      153   131072        0             0 avahi-daemon
[  802.170118] [    774]     0   774    11136      163   131072        0             0 systemd-logind
[  802.170126] [    784]     0   784     7418       72   102400        0             0 cron
[  802.170134] [    791]     0   791   105151      411   323584        0             0 ModemManager
[  802.170143] [    797]   105   797    45943       81   126976        0             0 rtkit-daemon
[  802.170151] [    798]     0   798    70602      317   192512        0             0 accounts-daemon
[  802.170159] [    808]     0   808     6321      232    94208        0             0 smartd
[  802.170167] [    809]     0   809     8480      178   110592        0             0 irqbalance
[  802.170174] [    810]   108   810    10970      310   126976        0          -900 dbus-daemon
[  802.170183] [    815]   113   815    11259       88   126976        0             0 avahi-daemon
[  802.170190] [    840]     0   840   120049      877   356352        0             0 NetworkManager
[  802.170197] [    858]     0   858    72004      940   204800        0             0 polkitd
[  802.170205] [    879]     0   879   243270      705   196608        0             0 stunnel4
[  802.170212] [    923]  1000   923     9026      196   118784        0             0 ss-local
[  802.170219] [    927]   116   927     7847       78    98304        0             0 dnscrypt-proxy
[  802.170227] [    929]    13   929     5546       48    90112        0             0 obfs-local
[  802.170235] [    932]   119   932     5547      147    77824        0             0 privoxy
[  802.170242] [    940]   110   940    22413     6106   225280        0             0 tor
[  802.170249] [    943]     0   943    11099      198   118784        0             0 wpa_supplicant
[  802.170256] [    964]     0   964     5124      260    77824        0             0 dhclient
[  802.170263] [    991]     0   991    18496      136   196608        0             0 login
[  802.170270] [   1075]  1000  1075    15782      273   163840        0             0 systemd
[  802.170278] [   1076]  1000  1076    21402      620   200704        0             0 (sd-pam)
[  802.170285] [   1079]  1000  1079     6078     1196    86016        0             0 bash
[  802.170293] [   1094]     0  1094    72489      276   204800        0             0 lightdm
[  802.170304] [   1099]     0  1099   100212    20084   684032        0             0 Xorg
[  802.170312] [   1155]     0  1155    60869      270   241664        0             0 lightdm
[  802.170320] [   1163]  1000  1163    53575      439   180224        0             0 gnome-keyring-d
